Archive member included to satisfy reference by file (symbol)

c:/st/stm32cubeide_1.4.0/stm32cubeide/plugins/com.st.stm32cube.ide.mcu.externaltools.gnu-tools-for-stm32.9-2020-q2-update.win32_1.5.0.202011040924/tools/bin/../lib/gcc/arm-none-eabi/9.3.1/../../../../arm-none-eabi/lib/thumb/v7e-m+dp/hard\libc_nano.a(lib_a-errno.o)
                              Core/Src/main.o (__errno)
c:/st/stm32cubeide_1.4.0/stm32cubeide/plugins/com.st.stm32cube.ide.mcu.externaltools.gnu-tools-for-stm32.9-2020-q2-update.win32_1.5.0.202011040924/tools/bin/../lib/gcc/arm-none-eabi/9.3.1/../../../../arm-none-eabi/lib/thumb/v7e-m+dp/hard\libc_nano.a(lib_a-exit.o)
                              c:/st/stm32cubeide_1.4.0/stm32cubeide/plugins/com.st.stm32cube.ide.mcu.externaltools.gnu-tools-for-stm32.9-2020-q2-update.win32_1.5.0.202011040924/tools/bin/../lib/gcc/arm-none-eabi/9.3.1/../../../../arm-none-eabi/lib/thumb/v7e-m+dp/hard/crt0.o (exit)
c:/st/stm32cubeide_1.4.0/stm32cubeide/plugins/com.st.stm32cube.ide.mcu.externaltools.gnu-tools-for-stm32.9-2020-q2-update.win32_1.5.0.202011040924/tools/bin/../lib/gcc/arm-none-eabi/9.3.1/../../../../arm-none-eabi/lib/thumb/v7e-m+dp/hard\libc_nano.a(lib_a-impure.o)
                              c:/st/stm32cubeide_1.4.0/stm32cubeide/plugins/com.st.stm32cube.ide.mcu.externaltools.gnu-tools-for-stm32.9-2020-q2-update.win32_1.5.0.202011040924/tools/bin/../lib/gcc/arm-none-eabi/9.3.1/../../../../arm-none-eabi/lib/thumb/v7e-m+dp/hard\libc_nano.a(lib_a-exit.o) (_global_impure_ptr)
c:/st/stm32cubeide_1.4.0/stm32cubeide/plugins/com.st.stm32cube.ide.mcu.externaltools.gnu-tools-for-stm32.9-2020-q2-update.win32_1.5.0.202011040924/tools/bin/../lib/gcc/arm-none-eabi/9.3.1/../../../../arm-none-eabi/lib/thumb/v7e-m+dp/hard\libc_nano.a(lib_a-init.o)
                              c:/st/stm32cubeide_1.4.0/stm32cubeide/plugins/com.st.stm32cube.ide.mcu.externaltools.gnu-tools-for-stm32.9-2020-q2-update.win32_1.5.0.202011040924/tools/bin/../lib/gcc/arm-none-eabi/9.3.1/../../../../arm-none-eabi/lib/thumb/v7e-m+dp/hard/crt0.o (__libc_init_array)
c:/st/stm32cubeide_1.4.0/stm32cubeide/plugins/com.st.stm32cube.ide.mcu.externaltools.gnu-tools-for-stm32.9-2020-q2-update.win32_1.5.0.202011040924/tools/bin/../lib/gcc/arm-none-eabi/9.3.1/../../../../arm-none-eabi/lib/thumb/v7e-m+dp/hard\libc_nano.a(lib_a-memcpy-stub.o)
                              Middlewares/Third_Party/FreeRTOS/Source/CMSIS_RTOS_V2/cmsis_os2.o (memcpy)
c:/st/stm32cubeide_1.4.0/stm32cubeide/plugins/com.st.stm32cube.ide.mcu.externaltools.gnu-tools-for-stm32.9-2020-q2-update.win32_1.5.0.202011040924/tools/bin/../lib/gcc/arm-none-eabi/9.3.1/../../../../arm-none-eabi/lib/thumb/v7e-m+dp/hard\libc_nano.a(lib_a-memset.o)
                              c:/st/stm32cubeide_1.4.0/stm32cubeide/plugins/com.st.stm32cube.ide.mcu.externaltools.gnu-tools-for-stm32.9-2020-q2-update.win32_1.5.0.202011040924/tools/bin/../lib/gcc/arm-none-eabi/9.3.1/../../../../arm-none-eabi/lib/thumb/v7e-m+dp/hard/crt0.o (memset)
c:/st/stm32cubeide_1.4.0/stm32cubeide/plugins/com.st.stm32cube.ide.mcu.externaltools.gnu-tools-for-stm32.9-2020-q2-update.win32_1.5.0.202011040924/tools/bin/../lib/gcc/arm-none-eabi/9.3.1/thumb/v7e-m+dp/hard\libgcc.a(_aeabi_uldivmod.o)
                              Drivers/STM32H7xx_HAL_Driver/Src/stm32h7xx_hal_uart.o (__aeabi_uldivmod)
c:/st/stm32cubeide_1.4.0/stm32cubeide/plugins/com.st.stm32cube.ide.mcu.externaltools.gnu-tools-for-stm32.9-2020-q2-update.win32_1.5.0.202011040924/tools/bin/../lib/gcc/arm-none-eabi/9.3.1/thumb/v7e-m+dp/hard\libgcc.a(_udivmoddi4.o)
                              c:/st/stm32cubeide_1.4.0/stm32cubeide/plugins/com.st.stm32cube.ide.mcu.externaltools.gnu-tools-for-stm32.9-2020-q2-update.win32_1.5.0.202011040924/tools/bin/../lib/gcc/arm-none-eabi/9.3.1/thumb/v7e-m+dp/hard\libgcc.a(_aeabi_uldivmod.o) (__udivmoddi4)
c:/st/stm32cubeide_1.4.0/stm32cubeide/plugins/com.st.stm32cube.ide.mcu.externaltools.gnu-tools-for-stm32.9-2020-q2-update.win32_1.5.0.202011040924/tools/bin/../lib/gcc/arm-none-eabi/9.3.1/thumb/v7e-m+dp/hard\libgcc.a(_dvmd_tls.o)
                              c:/st/stm32cubeide_1.4.0/stm32cubeide/plugins/com.st.stm32cube.ide.mcu.externaltools.gnu-tools-for-stm32.9-2020-q2-update.win32_1.5.0.202011040924/tools/bin/../lib/gcc/arm-none-eabi/9.3.1/thumb/v7e-m+dp/hard\libgcc.a(_aeabi_uldivmod.o) (__aeabi_ldiv0)

Allocating common symbols
Common symbol       size              file

defaultTaskHandle   0x4               Core/Src/main.o
huart3              0x90              Core/Src/main.o
htim17              0x4c              Core/Src/main.o
uwTick              0x4               Drivers/STM32H7xx_HAL_Driver/Src/stm32h7xx_hal.o
xQueueRegistry      0x40              Middlewares/Third_Party/FreeRTOS/Source/queue.o
pFlash              0x1c              Drivers/STM32H7xx_HAL_Driver/Src/stm32h7xx_hal_flash.o
hcomp1              0x2c              Core/Src/main.o
huart1              0x90              Core/Src/main.o
[...]
Memory Configuration

Name             Origin             Length             Attributes
DTCMRAM          0x0000000020000000 0x0000000000020000 xrw
ITCMRAM          0x0000000000000000 0x0000000000010000 xrw
RAM_D1           0x0000000024000000 0x0000000000050000 xrw
RAM_D2           0x0000000030000000 0x0000000000008000 xrw
RAM_D3           0x0000000038000000 0x0000000000004000 xrw
FLASH            0x0000000008000000 0x0000000000100000 xr
*default*        0x0000000000000000 0xffffffffffffffff

Linker script and memory map

LOAD c:/st/stm32cubeide_1.4.0/stm32cubeide/plugins/com.st.stm32cube.ide.mcu.externaltools.gnu-tools-for-stm32.9-2020-q2-update.win32_1.5.0.202011040924/tools/bin/../lib/gcc/arm-none-eabi/9.3.1/thumb/v7e-m+dp/hard/crti.o
LOAD c:/st/stm32cubeide_1.4.0/stm32cubeide/plugins/com.st.stm32cube.ide.mcu.externaltools.gnu-tools-for-stm32.9-2020-q2-update.win32_1.5.0.202011040924/tools/bin/../lib/gcc/arm-none-eabi/9.3.1/thumb/v7e-m+dp/hard/crtbegin.o
LOAD c:/st/stm32cubeide_1.4.0/stm32cubeide/plugins/com.st.stm32cube.ide.mcu.externaltools.gnu-tools-for-stm32.9-2020-q2-update.win32_1.5.0.202011040924/tools/bin/../lib/gcc/arm-none-eabi/9.3.1/../../../../arm-none-eabi/lib/thumb/v7e-m+dp/hard/crt0.o
LOAD Core/Src/freertos.o
LOAD Core/Src/main.o
LOAD Core/Src/stm32h7xx_hal_msp.o
LOAD Core/Src/stm32h7xx_hal_timebase_tim.o
LOAD Core/Src/stm32h7xx_it.o
LOAD Core/Src/syscalls.o
LOAD Core/Src/sysmem.o
LOAD Core/Src/system_stm32h7xx.o
LOAD Core/Startup/startup_stm32h723zgtx.o
LOAD Drivers/STM32H7xx_HAL_Driver/Src/stm32h7xx_hal.o
LOAD Drivers/STM32H7xx_HAL_Driver/Src/stm32h7xx_hal_comp.o
LOAD Drivers/STM32H7xx_HAL_Driver/Src/stm32h7xx_hal_cortex.o
LOAD Drivers/STM32H7xx_HAL_Driver/Src/stm32h7xx_hal_dma.o
LOAD Drivers/STM32H7xx_HAL_Driver/Src/stm32h7xx_hal_dma_ex.o
LOAD Drivers/STM32H7xx_HAL_Driver/Src/stm32h7xx_hal_eth.o
LOAD Drivers/STM32H7xx_HAL_Driver/Src/stm32h7xx_hal_eth_ex.o
LOAD Drivers/STM32H7xx_HAL_Driver/Src/stm32h7xx_hal_exti.o
LOAD Drivers/STM32H7xx_HAL_Driver/Src/stm32h7xx_hal_flash.o
LOAD Drivers/STM32H7xx_HAL_Driver/Src/stm32h7xx_hal_flash_ex.o
LOAD Drivers/STM32H7xx_HAL_Driver/Src/stm32h7xx_hal_gpio.o
LOAD Drivers/STM32H7xx_HAL_Driver/Src/stm32h7xx_hal_hsem.o
LOAD Drivers/STM32H7xx_HAL_Driver/Src/stm32h7xx_hal_i2c.o
LOAD Drivers/STM32H7xx_HAL_Driver/Src/stm32h7xx_hal_i2c_ex.o
LOAD Drivers/STM32H7xx_HAL_Driver/Src/stm32h7xx_hal_mdma.o
LOAD Drivers/STM32H7xx_HAL_Driver/Src/stm32h7xx_hal_pwr.o
LOAD Drivers/STM32H7xx_HAL_Driver/Src/stm32h7xx_hal_pwr_ex.o
LOAD Drivers/STM32H7xx_HAL_Driver/Src/stm32h7xx_hal_rcc.o
LOAD Drivers/STM32H7xx_HAL_Driver/Src/stm32h7xx_hal_rcc_ex.o
LOAD Drivers/STM32H7xx_HAL_Driver/Src/stm32h7xx_hal_tim.o
LOAD Drivers/STM32H7xx_HAL_Driver/Src/stm32h7xx_hal_tim_ex.o
LOAD Drivers/STM32H7xx_HAL_Driver/Src/stm32h7xx_hal_uart.o
LOAD Drivers/STM32H7xx_HAL_Driver/Src/stm32h7xx_hal_uart_ex.o
LOAD Middlewares/Third_Party/FreeRTOS/Source/CMSIS_RTOS_V2/cmsis_os2.o
LOAD Middlewares/Third_Party/FreeRTOS/Source/croutine.o
LOAD Middlewares/Third_Party/FreeRTOS/Source/event_groups.o
LOAD Middlewares/Third_Party/FreeRTOS/Source/list.o
LOAD Middlewares/Third_Party/FreeRTOS/Source/queue.o
LOAD Middlewares/Third_Party/FreeRTOS/Source/stream_buffer.o
LOAD Middlewares/Third_Party/FreeRTOS/Source/tasks.o
LOAD Middlewares/Third_Party/FreeRTOS/Source/timers.o
LOAD Middlewares/Third_Party/FreeRTOS/Source/portable/GCC/ARM_CM4F/port.o
LOAD Middlewares/Third_Party/FreeRTOS/Source/portable/MemMang/heap_4.o
START GROUP
LOAD c:/st/stm32cubeide_1.4.0/stm32cubeide/plugins/com.st.stm32cube.ide.mcu.externaltools.gnu-tools-for-stm32.9-2020-q2-update.win32_1.5.0.202011040924/tools/bin/../lib/gcc/arm-none-eabi/9.3.1/../../../../arm-none-eabi/lib/thumb/v7e-m+dp/hard\libc_nano.a
LOAD c:/st/stm32cubeide_1.4.0/stm32cubeide/plugins/com.st.stm32cube.ide.mcu.externaltools.gnu-tools-for-stm32.9-2020-q2-update.win32_1.5.0.202011040924/tools/bin/../lib/gcc/arm-none-eabi/9.3.1/../../../../arm-none-eabi/lib/thumb/v7e-m+dp/hard\libm.a
END GROUP
START GROUP
LOAD c:/st/stm32cubeide_1.4.0/stm32cubeide/plugins/com.st.stm32cube.ide.mcu.externaltools.gnu-tools-for-stm32.9-2020-q2-update.win32_1.5.0.202011040924/tools/bin/../lib/gcc/arm-none-eabi/9.3.1/thumb/v7e-m+dp/hard\libgcc.a
LOAD c:/st/stm32cubeide_1.4.0/stm32cubeide/plugins/com.st.stm32cube.ide.mcu.externaltools.gnu-tools-for-stm32.9-2020-q2-update.win32_1.5.0.202011040924/tools/bin/../lib/gcc/arm-none-eabi/9.3.1/../../../../arm-none-eabi/lib/thumb/v7e-m+dp/hard\libc_nano.a
END GROUP
START GROUP
LOAD c:/st/stm32cubeide_1.4.0/stm32cubeide/plugins/com.st.stm32cube.ide.mcu.externaltools.gnu-tools-for-stm32.9-2020-q2-update.win32_1.5.0.202011040924/tools/bin/../lib/gcc/arm-none-eabi/9.3.1/thumb/v7e-m+dp/hard\libgcc.a
LOAD c:/st/stm32cubeide_1.4.0/stm32cubeide/plugins/com.st.stm32cube.ide.mcu.externaltools.gnu-tools-for-stm32.9-2020-q2-update.win32_1.5.0.202011040924/tools/bin/../lib/gcc/arm-none-eabi/9.3.1/../../../../arm-none-eabi/lib/thumb/v7e-m+dp/hard\libc_nano.a
LOAD c:/st/stm32cubeide_1.4.0/stm32cubeide/plugins/com.st.stm32cube.ide.mcu.externaltools.gnu-tools-for-stm32.9-2020-q2-update.win32_1.5.0.202011040924/tools/bin/../lib/gcc/arm-none-eabi/9.3.1/../../../../arm-none-eabi/lib/thumb/v7e-m+dp/hard\libnosys.a
END GROUP
START GROUP
LOAD c:/st/stm32cubeide_1.4.0/stm32cubeide/plugins/com.st.stm32cube.ide.mcu.externaltools.gnu-tools-for-stm32.9-2020-q2-update.win32_1.5.0.202011040924/tools/bin/../lib/gcc/arm-none-eabi/9.3.1/thumb/v7e-m+dp/hard\libgcc.a
LOAD c:/st/stm32cubeide_1.4.0/stm32cubeide/plugins/com.st.stm32cube.ide.mcu.externaltools.gnu-tools-for-stm32.9-2020-q2-update.win32_1.5.0.202011040924/tools/bin/../lib/gcc/arm-none-eabi/9.3.1/../../../../arm-none-eabi/lib/thumb/v7e-m+dp/hard\libc_nano.a
LOAD c:/st/stm32cubeide_1.4.0/stm32cubeide/plugins/com.st.stm32cube.ide.mcu.externaltools.gnu-tools-for-stm32.9-2020-q2-update.win32_1.5.0.202011040924/tools/bin/../lib/gcc/arm-none-eabi/9.3.1/../../../../arm-none-eabi/lib/thumb/v7e-m+dp/hard\libnosys.a
END GROUP
LOAD c:/st/stm32cubeide_1.4.0/stm32cubeide/plugins/com.st.stm32cube.ide.mcu.externaltools.gnu-tools-for-stm32.9-2020-q2-update.win32_1.5.0.202011040924/tools/bin/../lib/gcc/arm-none-eabi/9.3.1/thumb/v7e-m+dp/hard/crtend.o
LOAD c:/st/stm32cubeide_1.4.0/stm32cubeide/plugins/com.st.stm32cube.ide.mcu.externaltools.gnu-tools-for-stm32.9-2020-q2-update.win32_1.5.0.202011040924/tools/bin/../lib/gcc/arm-none-eabi/9.3.1/thumb/v7e-m+dp/hard/crtn.o
                0x0000000024050000                _estack = (ORIGIN (RAM_D1) + LENGTH (RAM_D1))
                0x0000000000000200                _Min_Heap_Size = 0x200
                0x0000000000000400                _Min_Stack_Size = 0x400

.isr_vector     0x0000000008000000      0x2cc
                0x0000000008000000                . = ALIGN (0x4)
 *(.isr_vector)
 .isr_vector    0x0000000008000000      0x2cc Core/Startup/startup_stm32h723zgtx.o
                0x0000000008000000                g_pfnVectors
                0x00000000080002cc                . = ALIGN (0x4)

.text           0x00000000080002d0     0xb6d8
                0x00000000080002d0                . = ALIGN (0x4)
 *(.text)
 .text          0x00000000080002d0       0x40 c:/st/stm32cubeide_1.4.0/stm32cubeide/plugins/com.st.stm32cube.ide.mcu.externaltools.gnu-tools-for-stm32.9-2020-q2-update.win32_1.5.0.202011040924/tools/bin/../lib/gcc/arm-none-eabi/9.3.1/thumb/v7e-m+dp/hard/crtbegin.o
 .text          0x0000000008000310       0x30 c:/st/stm32cubeide_1.4.0/stm32cubeide/plugins/com.st.stm32cube.ide.mcu.externaltools.gnu-tools-for-stm32.9-2020-q2-update.win32_1.5.0.202011040924/tools/bin/../lib/gcc/arm-none-eabi/9.3.1/thumb/v7e-m+dp/hard\libgcc.a(_aeabi_uldivmod.o)
                0x0000000008000310                __aeabi_uldivmod
 .text          0x0000000008000340      0x2c4 c:/st/stm32cubeide_1.4.0/stm32cubeide/plugins/com.st.stm32cube.ide.mcu.externaltools.gnu-tools-for-stm32.9-2020-q2-update.win32_1.5.0.202011040924/tools/bin/../lib/gcc/arm-none-eabi/9.3.1/thumb/v7e-m+dp/hard\libgcc.a(_udivmoddi4.o)
                0x0000000008000340                __udivmoddi4
 .text          0x0000000008000604        0x4 c:/st/stm32cubeide_1.4.0/stm32cubeide/plugins/com.st.stm32cube.ide.mcu.externaltools.gnu-tools-for-stm32.9-2020-q2-update.win32_1.5.0.202011040924/tools/bin/../lib/gcc/arm-none-eabi/9.3.1/thumb/v7e-m+dp/hard\libgcc.a(_dvmd_tls.o)
                0x0000000008000604                __aeabi_idiv0
                0x0000000008000604                __aeabi_ldiv0
 *(.text*)
 .text.main     0x0000000008000608       0x5c Core/Src/main.o
                0x0000000008000608                main
 .text.SystemClock_Config
                0x0000000008000664       0xfc Core/Src/main.o
                0x0000000008000664                SystemClock_Config
 .text.MX_COMP1_Init
                0x0000000008000760       0x5c Core/Src/main.o
 .text.MX_COMP2_Init
                0x00000000080007bc       0x5c Core/Src/main.o
 .text.MX_ETH_Init
                0x0000000008000818       0xa4 Core/Src/main.o
 .text.MX_TIM2_Init
                0x00000000080008bc       0xe8 Core/Src/main.o
 .text.MX_TIM17_Init
                0x00000000080009a4      0x100 Core/Src/main.o
 .text.MX_USART1_UART_Init
                0x0000000008000aa4       0x98 Core/Src/main.o
 .text.MX_USART3_UART_Init
                0x0000000008000b3c       0x98 Core/Src/main.o
 .text.MX_USB_OTG_HS_USB_Init
                0x0000000008000bd4        0xe Core/Src/main.o
 *fill*         0x0000000008000be2        0x2 
 .text.MX_DMA_Init
                0x0000000008000be4       0x40 Core/Src/main.o
 .text.MX_GPIO_Init
                0x0000000008000c24      0x28c Core/Src/main.o
 .text.StartDefaultTask
                0x0000000008000eb0       0x10 Core/Src/main.o
                0x0000000008000eb0                StartDefaultTask
 .text.HAL_TIM_PeriodElapsedCallback
                0x0000000008000ec0       0x24 Core/Src/main.o
                0x0000000008000ec0                HAL_TIM_PeriodElapsedCallback
 .text.Error_Handler
                0x0000000008000ee4        0xa Core/Src/main.o
                0x0000000008000ee4                Error_Handler
 *fill*         0x0000000008000eee        0x2 
 .text.HAL_MspInit
                0x0000000008000ef0       0x3c Core/Src/stm32h7xx_hal_msp.o
                0x0000000008000ef0                HAL_MspInit
 .text.HAL_COMP_MspInit
                0x0000000008000f2c      0x180 Core/Src/stm32h7xx_hal_msp.o
                0x0000000008000f2c                HAL_COMP_MspInit
 .text.HAL_ETH_MspInit
                0x00000000080010ac      0x19c Core/Src/stm32h7xx_hal_msp.o
                0x00000000080010ac                HAL_ETH_MspInit
 .text.HAL_TIM_Base_MspInit
                0x0000000008001248       0xe4 Core/Src/stm32h7xx_hal_msp.o
                0x0000000008001248                HAL_TIM_Base_MspInit
 .text.HAL_TIM_MspPostInit
                0x000000000800132c       0x78 Core/Src/stm32h7xx_hal_msp.o
                0x000000000800132c                HAL_TIM_MspPostInit
 .text.HAL_UART_MspInit
                0x00000000080013a4      0x190 Core/Src/stm32h7xx_hal_msp.o
                0x00000000080013a4                HAL_UART_MspInit
 .text.HAL_InitTick
                0x0000000008001534       0xc4 Core/Src/stm32h7xx_hal_timebase_tim.o
                0x0000000008001534                HAL_InitTick
 .text.NMI_Handler
                0x00000000080015f8        0x6 Core/Src/stm32h7xx_it.o
                0x00000000080015f8                NMI_Handler
 .text.HardFault_Handler
                0x00000000080015fe        0x6 Core/Src/stm32h7xx_it.o
                0x00000000080015fe                HardFault_Handler
 .text.MemManage_Handler
                0x0000000008001604        0x6 Core/Src/stm32h7xx_it.o
                0x0000000008001604                MemManage_Handler
 .text.BusFault_Handler
                0x000000000800160a        0x6 Core/Src/stm32h7xx_it.o
                0x000000000800160a                BusFault_Handler
 .text.UsageFault_Handler
                0x0000000008001610        0x6 Core/Src/stm32h7xx_it.o
                0x0000000008001610                UsageFault_Handler
 .text.DebugMon_Handler
                0x0000000008001616        0xe Core/Src/stm32h7xx_it.o
                0x0000000008001616                DebugMon_Handler
 .text.DMA1_Stream1_IRQHandler
                0x0000000008001624       0x14 Core/Src/stm32h7xx_it.o
                0x0000000008001624                DMA1_Stream1_IRQHandler
 .text.TIM1_UP_IRQHandler
                0x0000000008001638       0x14 Core/Src/stm32h7xx_it.o
                0x0000000008001638                TIM1_UP_IRQHandler
 .text.TIM2_IRQHandler
                0x000000000800164c       0x14 Core/Src/stm32h7xx_it.o
                0x000000000800164c                TIM2_IRQHandler
 .text.SystemInit
                0x0000000008001660       0xf8 Core/Src/system_stm32h7xx.o
                0x0000000008001660                SystemInit
 .text.Reset_Handler
                0x0000000008001758       0x50 Core/Startup/startup_stm32h723zgtx.o
                0x0000000008001758                Reset_Handler
 .text.Default_Handler
                0x00000000080017a8        0x2 Core/Startup/startup_stm32h723zgtx.o
                0x00000000080017a8                RTC_Alarm_IRQHandler
                0x00000000080017a8                EXTI2_IRQHandler
                0x00000000080017a8                TIM8_CC_IRQHandler
                0x00000000080017a8                UART8_IRQHandler
                0x00000000080017a8                SPI4_IRQHandler
                0x00000000080017a8                FDCAN3_IT0_IRQHandler
                0x00000000080017a8                TIM1_CC_IRQHandler
                0x00000000080017a8                BDMA_Channel6_IRQHandler
                0x00000000080017a8                DMA2_Stream5_IRQHandler
                0x00000000080017a8                DMA1_Stream5_IRQHandler
                0x00000000080017a8                CORDIC_IRQHandler
                0x00000000080017a8                BDMA_Channel1_IRQHandler
                0x00000000080017a8                TAMP_STAMP_IRQHandler
                0x00000000080017a8                EXTI3_IRQHandler
                0x00000000080017a8                LPTIM4_IRQHandler
                0x00000000080017a8                TIM8_TRG_COM_TIM14_IRQHandler
                0x00000000080017a8                LPTIM2_IRQHandler
                0x00000000080017a8                DFSDM1_FLT1_IRQHandler
                0x00000000080017a8                DMAMUX2_OVR_IRQHandler
                0x00000000080017a8                TIM8_UP_TIM13_IRQHandler
                0x00000000080017a8                I2C3_ER_IRQHandler
                0x00000000080017a8                DFSDM1_FLT2_IRQHandler
                0x00000000080017a8                I2C5_EV_IRQHandler
                0x00000000080017a8                USART10_IRQHandler
                0x00000000080017a8                MDMA_IRQHandler
                0x00000000080017a8                LPTIM3_IRQHandler
                0x00000000080017a8                HSEM1_IRQHandler
                0x00000000080017a8                EXTI0_IRQHandler
                0x00000000080017a8                I2C2_EV_IRQHandler
                0x00000000080017a8                DMA1_Stream2_IRQHandler
                0x00000000080017a8                FPU_IRQHandler
                0x00000000080017a8                OTG_HS_WKUP_IRQHandler
                0x00000000080017a8                FDCAN1_IT1_IRQHandler
                0x00000000080017a8                LTDC_ER_IRQHandler
                0x00000000080017a8                DMA2_Stream2_IRQHandler
                0x00000000080017a8                SPI1_IRQHandler
                0x00000000080017a8                OCTOSPI1_IRQHandler
                0x00000000080017a8                TIM6_DAC_IRQHandler
                0x00000000080017a8                DMA2_Stream3_IRQHandler
                0x00000000080017a8                OCTOSPI2_IRQHandler
                0x00000000080017a8                DFSDM1_FLT3_IRQHandler
                0x00000000080017a8                TIM23_IRQHandler
                0x00000000080017a8                USART6_IRQHandler
                0x00000000080017a8                TIM17_IRQHandler
                0x00000000080017a8                USART3_IRQHandler
                0x00000000080017a8                BDMA_Channel7_IRQHandler
                0x00000000080017a8                LPTIM5_IRQHandler
                0x00000000080017a8                UART5_IRQHandler
                0x00000000080017a8                ADC3_IRQHandler
                0x00000000080017a8                DMA2_Stream0_IRQHandler
                0x00000000080017a8                TIM4_IRQHandler
                0x00000000080017a8                BDMA_Channel2_IRQHandler
                0x00000000080017a8                I2C1_EV_IRQHandler
                0x00000000080017a8                DMA1_Stream6_IRQHandler
                0x00000000080017a8                DMAMUX1_OVR_IRQHandler
                0x00000000080017a8                TIM16_IRQHandler
                0x00000000080017a8                UART4_IRQHandler
                0x00000000080017a8                BDMA_Channel5_IRQHandler
                0x00000000080017a8                TIM3_IRQHandler
                0x00000000080017a8                RCC_IRQHandler
                0x00000000080017a8                UART9_IRQHandler
                0x00000000080017a8                TIM8_BRK_TIM12_IRQHandler
                0x00000000080017a8                TIM1_TRG_COM_IRQHandler
                0x00000000080017a8                Default_Handler
                0x00000000080017a8                ECC_IRQHandler
                0x00000000080017a8                FMAC_IRQHandler
                0x00000000080017a8                CEC_IRQHandler
                0x00000000080017a8                EXTI15_10_IRQHandler
                0x00000000080017a8                BDMA_Channel0_IRQHandler
                0x00000000080017a8                ADC_IRQHandler
                0x00000000080017a8                I2C5_ER_IRQHandler
                0x00000000080017a8                DMA1_Stream7_IRQHandler
                0x00000000080017a8                SPI5_IRQHandler
                0x00000000080017a8                TIM7_IRQHandler
                0x00000000080017a8                FDCAN3_IT1_IRQHandler
                0x00000000080017a8                SDMMC1_IRQHandler
                0x00000000080017a8                TIM5_IRQHandler
                0x00000000080017a8                DMA2_Stream7_IRQHandler
                0x00000000080017a8                TIM15_IRQHandler
                0x00000000080017a8                PVD_AVD_IRQHandler
                0x00000000080017a8                I2C3_EV_IRQHandler
                0x00000000080017a8                EXTI9_5_IRQHandler
                0x00000000080017a8                RTC_WKUP_IRQHandler
                0x00000000080017a8                LTDC_IRQHandler
                0x00000000080017a8                ETH_WKUP_IRQHandler
                0x00000000080017a8                SPDIF_RX_IRQHandler
                0x00000000080017a8                SPI2_IRQHandler
                0x00000000080017a8                OTG_HS_EP1_IN_IRQHandler
                0x00000000080017a8                DMA1_Stream0_IRQHandler
                0x00000000080017a8                TIM24_IRQHandler
                0x00000000080017a8                CRS_IRQHandler
                0x00000000080017a8                EXTI4_IRQHandler
                0x00000000080017a8                RNG_IRQHandler
                0x00000000080017a8                FDCAN2_IT1_IRQHandler
                0x00000000080017a8                ETH_IRQHandler
                0x00000000080017a8                BDMA_Channel4_IRQHandler
                0x00000000080017a8                OTG_HS_EP1_OUT_IRQHandler
                0x00000000080017a8                WWDG_IRQHandler
                0x00000000080017a8                SPI6_IRQHandler
                0x00000000080017a8                MDIOS_IRQHandler
                0x00000000080017a8                I2C4_EV_IRQHandler
                0x00000000080017a8                FDCAN2_IT0_IRQHandler
                0x00000000080017a8                LPUART1_IRQHandler
                0x00000000080017a8                FDCAN1_IT0_IRQHandler
                0x00000000080017a8                OTG_HS_IRQHandler
                0x00000000080017a8                DMA2D_IRQHandler
                0x00000000080017a8                TIM1_BRK_IRQHandler
                0x00000000080017a8                EXTI1_IRQHandler
                0x00000000080017a8                SDMMC2_IRQHandler
                0x00000000080017a8                BDMA_Channel3_IRQHandler
                0x00000000080017a8                DTS_IRQHandler
                0x00000000080017a8                UART7_IRQHandler
                0x00000000080017a8                MDIOS_WKUP_IRQHandler
                0x00000000080017a8                USART2_IRQHandler
                0x00000000080017a8                DFSDM1_FLT0_IRQHandler
                0x00000000080017a8                SAI4_IRQHandler
                0x00000000080017a8                I2C2_ER_IRQHandler
                0x00000000080017a8                DMA2_Stream1_IRQHandler
                0x00000000080017a8                FLASH_IRQHandler
                0x00000000080017a8                DMA2_Stream4_IRQHandler
                0x00000000080017a8                USART1_IRQHandler
                0x00000000080017a8                SPI3_IRQHandler
                0x00000000080017a8                WAKEUP_PIN_IRQHandler
                0x00000000080017a8                DMA1_Stream4_IRQHandler
                0x00000000080017a8                I2C1_ER_IRQHandler
                0x00000000080017a8                FMC_IRQHandler
                0x00000000080017a8                FDCAN_CAL_IRQHandler
                0x00000000080017a8                SWPMI1_IRQHandler
                0x00000000080017a8                COMP1_IRQHandler
                0x00000000080017a8                LPTIM1_IRQHandler
                0x00000000080017a8                DCMI_PSSI_IRQHandler
                0x00000000080017a8                I2C4_ER_IRQHandler
                0x00000000080017a8                DMA2_Stream6_IRQHandler
                0x00000000080017a8                SAI1_IRQHandler
                0x00000000080017a8                DMA1_Stream3_IRQHandler
 *fill*         0x00000000080017aa        0x2 
 .text.HAL_Init
                0x00000000080017ac       0x78 Drivers/STM32H7xx_HAL_Driver/Src/stm32h7xx_hal.o
                0x00000000080017ac                HAL_Init
 .text.HAL_IncTick
                0x0000000008001824       0x28 Drivers/STM32H7xx_HAL_Driver/Src/stm32h7xx_hal.o
                0x0000000008001824                HAL_IncTick
 .text.HAL_GetTick
                0x000000000800184c       0x18 Drivers/STM32H7xx_HAL_Driver/Src/stm32h7xx_hal.o
                0x000000000800184c                HAL_GetTick
 .text.HAL_SYSCFG_ETHInterfaceSelect
                0x0000000008001864       0x28 Drivers/STM32H7xx_HAL_Driver/Src/stm32h7xx_hal.o
                0x0000000008001864                HAL_SYSCFG_ETHInterfaceSelect
 .text.HAL_COMP_Init
                0x000000000800188c      0x254 Drivers/STM32H7xx_HAL_Driver/Src/stm32h7xx_hal_comp.o
                0x000000000800188c                HAL_COMP_Init
 .text.__NVIC_SetPriorityGrouping
                0x0000000008001ae0       0x48 Drivers/STM32H7xx_HAL_Driver/Src/stm32h7xx_hal_cortex.o
 .text.__NVIC_GetPriorityGrouping
                0x0000000008001b28       0x1c Drivers/STM32H7xx_HAL_Driver/Src/stm32h7xx_hal_cortex.o
 .text.__NVIC_EnableIRQ
                0x0000000008001b44       0x3c Drivers/STM32H7xx_HAL_Driver/Src/stm32h7xx_hal_cortex.o
 .text.__NVIC_SetPriority
                0x0000000008001b80       0x54 Drivers/STM32H7xx_HAL_Driver/Src/stm32h7xx_hal_cortex.o
 .text.NVIC_EncodePriority
                0x0000000008001bd4       0x66 Drivers/STM32H7xx_HAL_Driver/Src/stm32h7xx_hal_cortex.o
 .text.HAL_NVIC_SetPriorityGrouping
                0x0000000008001c3a       0x16 Drivers/STM32H7xx_HAL_Driver/Src/stm32h7xx_hal_cortex.o
                0x0000000008001c3a                HAL_NVIC_SetPriorityGrouping
 .text.HAL_NVIC_SetPriority
                0x0000000008001c50       0x34 Drivers/STM32H7xx_HAL_Driver/Src/stm32h7xx_hal_cortex.o
                0x0000000008001c50                HAL_NVIC_SetPriority
 .text.HAL_NVIC_EnableIRQ
                0x0000000008001c84       0x1c Drivers/STM32H7xx_HAL_Driver/Src/stm32h7xx_hal_cortex.o
                0x0000000008001c84                HAL_NVIC_EnableIRQ
 .text.HAL_DMA_Init
                0x0000000008001ca0      0x6b4 Drivers/STM32H7xx_HAL_Driver/Src/stm32h7xx_hal_dma.o
                0x0000000008001ca0                HAL_DMA_Init
 .text.HAL_DMA_IRQHandler
                0x0000000008002354      0xe54 Drivers/STM32H7xx_HAL_Driver/Src/stm32h7xx_hal_dma.o
                0x0000000008002354                HAL_DMA_IRQHandler
 .text.DMA_CalcBaseAndBitshift
                0x00000000080031a8      0x164 Drivers/STM32H7xx_HAL_Driver/Src/stm32h7xx_hal_dma.o
 .text.DMA_CheckFifoParam
                0x000000000800330c       0xf8 Drivers/STM32H7xx_HAL_Driver/Src/stm32h7xx_hal_dma.o
 .text.DMA_CalcDMAMUXChannelBaseAndMask
                0x0000000008003404      0x134 Drivers/STM32H7xx_HAL_Driver/Src/stm32h7xx_hal_dma.o
 .text.DMA_CalcDMAMUXRequestGenBaseAndMask
                0x0000000008003538       0xe8 Drivers/STM32H7xx_HAL_Driver/Src/stm32h7xx_hal_dma.o
 .text.HAL_ETH_Init
                0x0000000008003620      0x1b4 Drivers/STM32H7xx_HAL_Driver/Src/stm32h7xx_hal_eth.o
                0x0000000008003620                HAL_ETH_Init
 .text.ETH_SetMACConfig
                0x00000000080037d4      0x238 Drivers/STM32H7xx_HAL_Driver/Src/stm32h7xx_hal_eth.o
 .text.ETH_SetDMAConfig
                0x0000000008003a0c      0x10c Drivers/STM32H7xx_HAL_Driver/Src/stm32h7xx_hal_eth.o
 .text.ETH_MACDMAConfig
                0x0000000008003b18      0x13a Drivers/STM32H7xx_HAL_Driver/Src/stm32h7xx_hal_eth.o
 *fill*         0x0000000008003c52        0x2 
 .text.ETH_MAC_MDIO_ClkConfig
                0x0000000008003c54       0xb0 Drivers/STM32H7xx_HAL_Driver/Src/stm32h7xx_hal_eth.o
 .text.ETH_DMATxDescListInit
                0x0000000008003d04       0x8e Drivers/STM32H7xx_HAL_Driver/Src/stm32h7xx_hal_eth.o
 .text.ETH_DMARxDescListInit
                0x0000000008003d92       0xba Drivers/STM32H7xx_HAL_Driver/Src/stm32h7xx_hal_eth.o
 .text.HAL_GPIO_Init
                0x0000000008003e4c      0x350 Drivers/STM32H7xx_HAL_Driver/Src/stm32h7xx_hal_gpio.o
                0x0000000008003e4c                HAL_GPIO_Init
 .text.HAL_GPIO_WritePin
                0x000000000800419c       0x32 Drivers/STM32H7xx_HAL_Driver/Src/stm32h7xx_hal_gpio.o
                0x000000000800419c                HAL_GPIO_WritePin
 *fill*         0x00000000080041ce        0x2 
 .text.HAL_PWREx_ConfigSupply
                0x00000000080041d0       0x74 Drivers/STM32H7xx_HAL_Driver/Src/stm32h7xx_hal_pwr_ex.o
                0x00000000080041d0                HAL_PWREx_ConfigSupply
 .text.HAL_RCC_OscConfig
                0x0000000008004244      0x71c Drivers/STM32H7xx_HAL_Driver/Src/stm32h7xx_hal_rcc.o
                0x0000000008004244                HAL_RCC_OscConfig
 .text.HAL_RCC_ClockConfig
                0x0000000008004960      0x36c Drivers/STM32H7xx_HAL_Driver/Src/stm32h7xx_hal_rcc.o
                0x0000000008004960                HAL_RCC_ClockConfig
 .text.HAL_RCC_MCOConfig
                0x0000000008004ccc       0xd4 Drivers/STM32H7xx_HAL_Driver/Src/stm32h7xx_hal_rcc.o
                0x0000000008004ccc                HAL_RCC_MCOConfig
 .text.HAL_RCC_GetSysClockFreq
                0x0000000008004da0      0x2f4 Drivers/STM32H7xx_HAL_Driver/Src/stm32h7xx_hal_rcc.o
                0x0000000008004da0                HAL_RCC_GetSysClockFreq
 .text.HAL_RCC_GetHCLKFreq
                0x0000000008005094       0x60 Drivers/STM32H7xx_HAL_Driver/Src/stm32h7xx_hal_rcc.o
                0x0000000008005094                HAL_RCC_GetHCLKFreq
 .text.HAL_RCC_GetPCLK1Freq
                0x00000000080050f4       0x2c Drivers/STM32H7xx_HAL_Driver/Src/stm32h7xx_hal_rcc.o
                0x00000000080050f4                HAL_RCC_GetPCLK1Freq
 .text.HAL_RCC_GetPCLK2Freq
                0x0000000008005120       0x2c Drivers/STM32H7xx_HAL_Driver/Src/stm32h7xx_hal_rcc.o
                0x0000000008005120                HAL_RCC_GetPCLK2Freq
 .text.HAL_RCC_GetClockConfig
                0x000000000800514c       0x84 Drivers/STM32H7xx_HAL_Driver/Src/stm32h7xx_hal_rcc.o
                0x000000000800514c                HAL_RCC_GetClockConfig
 .text.HAL_RCCEx_PeriphCLKConfig
                0x00000000080051d0      0xdf4 Drivers/STM32H7xx_HAL_Driver/Src/stm32h7xx_hal_rcc_ex.o
                0x00000000080051d0                HAL_RCCEx_PeriphCLKConfig
 .text.HAL_RCCEx_GetD3PCLK1Freq
                0x0000000008005fc4       0x2c Drivers/STM32H7xx_HAL_Driver/Src/stm32h7xx_hal_rcc_ex.o
                0x0000000008005fc4                HAL_RCCEx_GetD3PCLK1Freq
 .text.HAL_RCCEx_GetPLL2ClockFreq
                0x0000000008005ff0      0x2a8 Drivers/STM32H7xx_HAL_Driver/Src/stm32h7xx_hal_rcc_ex.o
                0x0000000008005ff0                HAL_RCCEx_GetPLL2ClockFreq
 .text.HAL_RCCEx_GetPLL3ClockFreq
                0x0000000008006298      0x2a8 Drivers/STM32H7xx_HAL_Driver/Src/stm32h7xx_hal_rcc_ex.o
                0x0000000008006298                HAL_RCCEx_GetPLL3ClockFreq
 .text.RCCEx_PLL2_Config
                0x0000000008006540      0x164 Drivers/STM32H7xx_HAL_Driver/Src/stm32h7xx_hal_rcc_ex.o
 .text.RCCEx_PLL3_Config
                0x00000000080066a4      0x164 Drivers/STM32H7xx_HAL_Driver/Src/stm32h7xx_hal_rcc_ex.o
 .text.HAL_TIM_Base_Init
                0x0000000008006808       0xae Drivers/STM32H7xx_HAL_Driver/Src/stm32h7xx_hal_tim.o
                0x0000000008006808                HAL_TIM_Base_Init
 *fill*         0x00000000080068b6        0x2 
 .text.HAL_TIM_Base_Start_IT
                0x00000000080068b8      0x10c Drivers/STM32H7xx_HAL_Driver/Src/stm32h7xx_hal_tim.o
                0x00000000080068b8                HAL_TIM_Base_Start_IT
 .text.HAL_TIM_PWM_Init
                0x00000000080069c4       0xae Drivers/STM32H7xx_HAL_Driver/Src/stm32h7xx_hal_tim.o
                0x00000000080069c4                HAL_TIM_PWM_Init
 .text.HAL_TIM_PWM_MspInit
                0x0000000008006a72       0x14 Drivers/STM32H7xx_HAL_Driver/Src/stm32h7xx_hal_tim.o
                0x0000000008006a72                HAL_TIM_PWM_MspInit
 .text.HAL_TIM_IRQHandler
                0x0000000008006a86      0x23e Drivers/STM32H7xx_HAL_Driver/Src/stm32h7xx_hal_tim.o
                0x0000000008006a86                HAL_TIM_IRQHandler
 .text.HAL_TIM_PWM_ConfigChannel
                0x0000000008006cc4      0x220 Drivers/STM32H7xx_HAL_Driver/Src/stm32h7xx_hal_tim.o
                0x0000000008006cc4                HAL_TIM_PWM_ConfigChannel
 .text.HAL_TIM_ConfigClockSource
                0x0000000008006ee4      0x1e8 Drivers/STM32H7xx_HAL_Driver/Src/stm32h7xx_hal_tim.o
                0x0000000008006ee4                HAL_TIM_ConfigClockSource
 .text.HAL_TIM_OC_DelayElapsedCallback
                0x00000000080070cc       0x14 Drivers/STM32H7xx_HAL_Driver/Src/stm32h7xx_hal_tim.o
                0x00000000080070cc                HAL_TIM_OC_DelayElapsedCallback
 .text.HAL_TIM_IC_CaptureCallback
                0x00000000080070e0       0x14 Drivers/STM32H7xx_HAL_Driver/Src/stm32h7xx_hal_tim.o
                0x00000000080070e0                HAL_TIM_IC_CaptureCallback
 .text.HAL_TIM_PWM_PulseFinishedCallback
                0x00000000080070f4       0x14 Drivers/STM32H7xx_HAL_Driver/Src/stm32h7xx_hal_tim.o
                0x00000000080070f4                HAL_TIM_PWM_PulseFinishedCallback
 .text.HAL_TIM_TriggerCallback
                0x0000000008007108       0x14 Drivers/STM32H7xx_HAL_Driver/Src/stm32h7xx_hal_tim.o
                0x0000000008007108                HAL_TIM_TriggerCallback
 .text.TIM_Base_SetConfig
                0x000000000800711c      0x14c Drivers/STM32H7xx_HAL_Driver/Src/stm32h7xx_hal_tim.o
                0x000000000800711c                TIM_Base_SetConfig
 .text.TIM_OC1_SetConfig
                0x0000000008007268      0x120 Drivers/STM32H7xx_HAL_Driver/Src/stm32h7xx_hal_tim.o
 .text.TIM_OC2_SetConfig
                0x0000000008007388      0x114 Drivers/STM32H7xx_HAL_Driver/Src/stm32h7xx_hal_tim.o
                0x0000000008007388                TIM_OC2_SetConfig
 .text.TIM_OC3_SetConfig
                0x000000000800749c      0x10c Drivers/STM32H7xx_HAL_Driver/Src/stm32h7xx_hal_tim.o
 .text.TIM_OC4_SetConfig
                0x00000000080075a8       0xd0 Drivers/STM32H7xx_HAL_Driver/Src/stm32h7xx_hal_tim.o
 .text.TIM_OC5_SetConfig
                0x0000000008007678       0xc4 Drivers/STM32H7xx_HAL_Driver/Src/stm32h7xx_hal_tim.o
 .text.TIM_OC6_SetConfig
                0x000000000800773c       0xc8 Drivers/STM32H7xx_HAL_Driver/Src/stm32h7xx_hal_tim.o
 .text.TIM_TI1_ConfigInputStage
                0x0000000008007804       0x5e Drivers/STM32H7xx_HAL_Driver/Src/stm32h7xx_hal_tim.o
 .text.TIM_TI2_ConfigInputStage
                0x0000000008007862       0x60 Drivers/STM32H7xx_HAL_Driver/Src/stm32h7xx_hal_tim.o
 *fill*         0x00000000080078c2        0x2 
 .text.TIM_ITRx_SetConfig
                0x00000000080078c4       0x3c Drivers/STM32H7xx_HAL_Driver/Src/stm32h7xx_hal_tim.o
 .text.TIM_ETR_SetConfig
                0x0000000008007900       0x40 Drivers/STM32H7xx_HAL_Driver/Src/stm32h7xx_hal_tim.o
                0x0000000008007900                TIM_ETR_SetConfig
 .text.HAL_TIMEx_MasterConfigSynchronization
                0x0000000008007940      0x138 Drivers/STM32H7xx_HAL_Driver/Src/stm32h7xx_hal_tim_ex.o
                0x0000000008007940                HAL_TIMEx_MasterConfigSynchronization
 .text.HAL_TIMEx_ConfigBreakDeadTime
                0x0000000008007a78       0xfc Drivers/STM32H7xx_HAL_Driver/Src/stm32h7xx_hal_tim_ex.o
                0x0000000008007a78                HAL_TIMEx_ConfigBreakDeadTime
 .text.HAL_TIMEx_CommutCallback
                0x0000000008007b74       0x14 Drivers/STM32H7xx_HAL_Driver/Src/stm32h7xx_hal_tim_ex.o
                0x0000000008007b74                HAL_TIMEx_CommutCallback
 .text.HAL_TIMEx_BreakCallback
                0x0000000008007b88       0x14 Drivers/STM32H7xx_HAL_Driver/Src/stm32h7xx_hal_tim_ex.o
                0x0000000008007b88                HAL_TIMEx_BreakCallback
 .text.HAL_TIMEx_Break2Callback
                0x0000000008007b9c       0x14 Drivers/STM32H7xx_HAL_Driver/Src/stm32h7xx_hal_tim_ex.o
                0x0000000008007b9c                HAL_TIMEx_Break2Callback
 .text.HAL_UART_Init
                0x0000000008007bb0       0xa0 Drivers/STM32H7xx_HAL_Driver/Src/stm32h7xx_hal_uart.o
                0x0000000008007bb0                HAL_UART_Init
 .text.UART_SetConfig
                0x0000000008007c50      0xcbc Drivers/STM32H7xx_HAL_Driver/Src/stm32h7xx_hal_uart.o
                0x0000000008007c50                UART_SetConfig
 .text.UART_AdvFeatureConfig
                0x000000000800890c      0x144 Drivers/STM32H7xx_HAL_Driver/Src/stm32h7xx_hal_uart.o
                0x000000000800890c                UART_AdvFeatureConfig
 .text.UART_CheckIdleState
                0x0000000008008a50       0x96 Drivers/STM32H7xx_HAL_Driver/Src/stm32h7xx_hal_uart.o
                0x0000000008008a50                UART_CheckIdleState
 .text.UART_WaitOnFlagUntilTimeout
                0x0000000008008ae6      0x100 Drivers/STM32H7xx_HAL_Driver/Src/stm32h7xx_hal_uart.o
                0x0000000008008ae6                UART_WaitOnFlagUntilTimeout
 .text.HAL_UARTEx_DisableFifoMode
                0x0000000008008be6       0x72 Drivers/STM32H7xx_HAL_Driver/Src/stm32h7xx_hal_uart_ex.o
                0x0000000008008be6                HAL_UARTEx_DisableFifoMode
 .text.HAL_UARTEx_SetTxFifoThreshold
                0x0000000008008c58       0x7c Drivers/STM32H7xx_HAL_Driver/Src/stm32h7xx_hal_uart_ex.o
                0x0000000008008c58                HAL_UARTEx_SetTxFifoThreshold
 .text.HAL_UARTEx_SetRxFifoThreshold
                0x0000000008008cd4       0x7c Drivers/STM32H7xx_HAL_Driver/Src/stm32h7xx_hal_uart_ex.o
                0x0000000008008cd4                HAL_UARTEx_SetRxFifoThreshold
 .text.UARTEx_SetNbDataToProcess
                0x0000000008008d50       0x9c Drivers/STM32H7xx_HAL_Driver/Src/stm32h7xx_hal_uart_ex.o
 .text.__NVIC_SetPriority
                0x0000000008008dec       0x54 Middlewares/Third_Party/FreeRTOS/Source/CMSIS_RTOS_V2/cmsis_os2.o
 .text.SysTick_Handler
                0x0000000008008e40       0x20 Middlewares/Third_Party/FreeRTOS/Source/CMSIS_RTOS_V2/cmsis_os2.o
                0x0000000008008e40                SysTick_Handler
 .text.SVC_Setup
                0x0000000008008e60       0x12 Middlewares/Third_Party/FreeRTOS/Source/CMSIS_RTOS_V2/cmsis_os2.o
 *fill*         0x0000000008008e72        0x2 
 .text.osKernelInitialize
                0x0000000008008e74       0x48 Middlewares/Third_Party/FreeRTOS/Source/CMSIS_RTOS_V2/cmsis_os2.o
                0x0000000008008e74                osKernelInitialize
 .text.osKernelStart
                0x0000000008008ebc       0x4c Middlewares/Third_Party/FreeRTOS/Source/CMSIS_RTOS_V2/cmsis_os2.o
                0x0000000008008ebc                osKernelStart
 .text.osThreadNew
                0x0000000008008f08      0x124 Middlewares/Third_Party/FreeRTOS/Source/CMSIS_RTOS_V2/cmsis_os2.o
                0x0000000008008f08                osThreadNew
 .text.osDelay  0x000000000800902c       0x36 Middlewares/Third_Party/FreeRTOS/Source/CMSIS_RTOS_V2/cmsis_os2.o
                0x000000000800902c                osDelay
 *fill*         0x0000000008009062        0x2 
 .text.vApplicationGetIdleTaskMemory
                0x0000000008009064       0x34 Middlewares/Third_Party/FreeRTOS/Source/CMSIS_RTOS_V2/cmsis_os2.o
                0x0000000008009064                vApplicationGetIdleTaskMemory
 .text.vApplicationGetTimerTaskMemory
                0x0000000008009098       0x34 Middlewares/Third_Party/FreeRTOS/Source/CMSIS_RTOS_V2/cmsis_os2.o
                0x0000000008009098                vApplicationGetTimerTaskMemory
 .text.vListInitialise
                0x00000000080090cc       0x40 Middlewares/Third_Party/FreeRTOS/Source/list.o
                0x00000000080090cc                vListInitialise
 .text.vListInitialiseItem
                0x000000000800910c       0x1a Middlewares/Third_Party/FreeRTOS/Source/list.o
                0x000000000800910c                vListInitialiseItem
 .text.vListInsertEnd
                0x0000000008009126       0x48 Middlewares/Third_Party/FreeRTOS/Source/list.o
                0x0000000008009126                vListInsertEnd
 .text.vListInsert
                0x000000000800916e       0x72 Middlewares/Third_Party/FreeRTOS/Source/list.o
                0x000000000800916e                vListInsert
 .text.uxListRemove
                0x00000000080091e0       0x54 Middlewares/Third_Party/FreeRTOS/Source/list.o
                0x00000000080091e0                uxListRemove
 .text.xQueueGenericReset
                0x0000000008009234       0xd0 Middlewares/Third_Party/FreeRTOS/Source/queue.o
                0x0000000008009234                xQueueGenericReset
 .text.xQueueGenericCreateStatic
                0x0000000008009304       0xf0 Middlewares/Third_Party/FreeRTOS/Source/queue.o
                0x0000000008009304                xQueueGenericCreateStatic
 .text.prvInitialiseNewQueue
                0x00000000080093f4       0x46 Middlewares/Third_Party/FreeRTOS/Source/queue.o
 *fill*         0x000000000800943a        0x2 
 .text.xQueueGenericSend
                0x000000000800943c      0x1fc Middlewares/Third_Party/FreeRTOS/Source/queue.o
                0x000000000800943c                xQueueGenericSend
 .text.xQueueGenericSendFromISR
                0x0000000008009638      0x136 Middlewares/Third_Party/FreeRTOS/Source/queue.o
                0x0000000008009638                xQueueGenericSendFromISR
 *fill*         0x000000000800976e        0x2 
 .text.xQueueReceive
                0x0000000008009770      0x1c0 Middlewares/Third_Party/FreeRTOS/Source/queue.o
                0x0000000008009770                xQueueReceive
 .text.prvCopyDataToQueue
                0x0000000008009930       0xd4 Middlewares/Third_Party/FreeRTOS/Source/queue.o
 .text.prvCopyDataFromQueue
                0x0000000008009a04       0x4c Middlewares/Third_Party/FreeRTOS/Source/queue.o
 .text.prvUnlockQueue
                0x0000000008009a50       0xa4 Middlewares/Third_Party/FreeRTOS/Source/queue.o
 .text.prvIsQueueEmpty
                0x0000000008009af4       0x2c Middlewares/Third_Party/FreeRTOS/Source/queue.o
 .text.prvIsQueueFull
                0x0000000008009b20       0x30 Middlewares/Third_Party/FreeRTOS/Source/queue.o
 .text.vQueueAddToRegistry
                0x0000000008009b50       0x54 Middlewares/Third_Party/FreeRTOS/Source/queue.o
                0x0000000008009b50                vQueueAddToRegistry
 .text.vQueueWaitForMessageRestricted
                0x0000000008009ba4       0x68 Middlewares/Third_Party/FreeRTOS/Source/queue.o
                0x0000000008009ba4                vQueueWaitForMessageRestricted
 .text.xTaskCreateStatic
                0x0000000008009c0c       0xba Middlewares/Third_Party/FreeRTOS/Source/tasks.o
                0x0000000008009c0c                xTaskCreateStatic
 .text.xTaskCreate
                0x0000000008009cc6       0x8a Middlewares/Third_Party/FreeRTOS/Source/tasks.o
                0x0000000008009cc6                xTaskCreate
 .text.prvInitialiseNewTask
                0x0000000008009d50      0x11e Middlewares/Third_Party/FreeRTOS/Source/tasks.o
 *fill*         0x0000000008009e6e        0x2 
 .text.prvAddNewTaskToReadyList
                0x0000000008009e70       0xe0 Middlewares/Third_Party/FreeRTOS/Source/tasks.o
 .text.vTaskDelay
                0x0000000008009f50       0x68 Middlewares/Third_Party/FreeRTOS/Source/tasks.o
                0x0000000008009f50                vTaskDelay
 .text.vTaskStartScheduler
                0x0000000008009fb8       0xcc Middlewares/Third_Party/FreeRTOS/Source/tasks.o
                0x0000000008009fb8                vTaskStartScheduler
 .text.vTaskSuspendAll
                0x000000000800a084       0x1c Middlewares/Third_Party/FreeRTOS/Source/tasks.o
                0x000000000800a084                vTaskSuspendAll
 .text.xTaskResumeAll
                0x000000000800a0a0      0x13c Middlewares/Third_Party/FreeRTOS/Source/tasks.o
                0x000000000800a0a0                xTaskResumeAll
 .text.xTaskGetTickCount
                0x000000000800a1dc       0x20 Middlewares/Third_Party/FreeRTOS/Source/tasks.o
                0x000000000800a1dc                xTaskGetTickCount
 .text.xTaskIncrementTick
                0x000000000800a1fc      0x174 Middlewares/Third_Party/FreeRTOS/Source/tasks.o
                0x000000000800a1fc                xTaskIncrementTick
 .text.vTaskSwitchContext
                0x000000000800a370       0xbc Middlewares/Third_Party/FreeRTOS/Source/tasks.o
                0x000000000800a370                vTaskSwitchContext
 .text.vTaskPlaceOnEventList
                0x000000000800a42c       0x48 Middlewares/Third_Party/FreeRTOS/Source/tasks.o
                0x000000000800a42c                vTaskPlaceOnEventList
 .text.vTaskPlaceOnEventListRestricted
                0x000000000800a474       0x58 Middlewares/Third_Party/FreeRTOS/Source/tasks.o
                0x000000000800a474                vTaskPlaceOnEventListRestricted
 .text.xTaskRemoveFromEventList
                0x000000000800a4cc       0xc8 Middlewares/Third_Party/FreeRTOS/Source/tasks.o
                0x000000000800a4cc                xTaskRemoveFromEventList
 .text.vTaskInternalSetTimeOutState
                0x000000000800a594       0x2c Middlewares/Third_Party/FreeRTOS/Source/tasks.o
                0x000000000800a594                vTaskInternalSetTimeOutState
 .text.xTaskCheckForTimeOut
                0x000000000800a5c0       0xc4 Middlewares/Third_Party/FreeRTOS/Source/tasks.o
                0x000000000800a5c0                xTaskCheckForTimeOut
 .text.vTaskMissedYield
                0x000000000800a684       0x18 Middlewares/Third_Party/FreeRTOS/Source/tasks.o
                0x000000000800a684                vTaskMissedYield
 .text.prvIdleTask
                0x000000000800a69c       0x30 Middlewares/Third_Party/FreeRTOS/Source/tasks.o
 .text.prvInitialiseTaskLists
                0x000000000800a6cc       0x80 Middlewares/Third_Party/FreeRTOS/Source/tasks.o
 .text.prvCheckTasksWaitingTermination
                0x000000000800a74c       0x5c Middlewares/Third_Party/FreeRTOS/Source/tasks.o
 .text.prvDeleteTCB
                0x000000000800a7a8       0x5e Middlewares/Third_Party/FreeRTOS/Source/tasks.o
 *fill*         0x000000000800a806        0x2 
 .text.prvResetNextTaskUnblockTime
                0x000000000800a808       0x40 Middlewares/Third_Party/FreeRTOS/Source/tasks.o
 .text.xTaskGetSchedulerState
                0x000000000800a848       0x3c Middlewares/Third_Party/FreeRTOS/Source/tasks.o
                0x000000000800a848                xTaskGetSchedulerState
 .text.xTaskPriorityDisinherit
                0x000000000800a884       0xdc Middlewares/Third_Party/FreeRTOS/Source/tasks.o
                0x000000000800a884                xTaskPriorityDisinherit
 .text.prvAddCurrentTaskToDelayedList
                0x000000000800a960       0xa8 Middlewares/Third_Party/FreeRTOS/Source/tasks.o
 .text.xTimerCreateTimerTask
                0x000000000800aa08       0x90 Middlewares/Third_Party/FreeRTOS/Source/timers.o
                0x000000000800aa08                xTimerCreateTimerTask
 .text.xTimerGenericCommand
                0x000000000800aa98       0x9c Middlewares/Third_Party/FreeRTOS/Source/timers.o
                0x000000000800aa98                xTimerGenericCommand
 .text.prvProcessExpiredTimer
                0x000000000800ab34       0x98 Middlewares/Third_Party/FreeRTOS/Source/timers.o
 .text.prvTimerTask
                0x000000000800abcc       0x24 Middlewares/Third_Party/FreeRTOS/Source/timers.o
 .text.prvProcessTimerOrBlockTask
                0x000000000800abf0       0x9c Middlewares/Third_Party/FreeRTOS/Source/timers.o
 .text.prvGetNextExpireTime
                0x000000000800ac8c       0x48 Middlewares/Third_Party/FreeRTOS/Source/timers.o
 .text.prvSampleTimeNow
                0x000000000800acd4       0x40 Middlewares/Third_Party/FreeRTOS/Source/timers.o
 .text.prvInsertTimerInActiveList
                0x000000000800ad14       0x84 Middlewares/Third_Party/FreeRTOS/Source/timers.o
 .text.prvProcessReceivedCommands
                0x000000000800ad98      0x1c4 Middlewares/Third_Party/FreeRTOS/Source/timers.o
 .text.prvSwitchTimerLists
                0x000000000800af5c       0xc8 Middlewares/Third_Party/FreeRTOS/Source/timers.o
 .text.prvCheckForValidListAndQueue
                0x000000000800b024       0x80 Middlewares/Third_Party/FreeRTOS/Source/timers.o
 .text.pxPortInitialiseStack
                0x000000000800b0a4       0x68 Middlewares/Third_Party/FreeRTOS/Source/portable/GCC/ARM_CM4F/port.o
                0x000000000800b0a4                pxPortInitialiseStack
 .text.prvTaskExitError
                0x000000000800b10c       0x58 Middlewares/Third_Party/FreeRTOS/Source/portable/GCC/ARM_CM4F/port.o
 *fill*         0x000000000800b164        0xc 
 .text.SVC_Handler
                0x000000000800b170       0x28 Middlewares/Third_Party/FreeRTOS/Source/portable/GCC/ARM_CM4F/port.o
                0x000000000800b170                SVC_Handler
 .text.prvPortStartFirstTask
                0x000000000800b198       0x28 Middlewares/Third_Party/FreeRTOS/Source/portable/GCC/ARM_CM4F/port.o
 .text.xPortStartScheduler
                0x000000000800b1c0      0x144 Middlewares/Third_Party/FreeRTOS/Source/portable/GCC/ARM_CM4F/port.o
                0x000000000800b1c0                xPortStartScheduler
 .text.vPortEnterCritical
                0x000000000800b304       0x60 Middlewares/Third_Party/FreeRTOS/Source/portable/GCC/ARM_CM4F/port.o
                0x000000000800b304                vPortEnterCritical
 .text.vPortExitCritical
                0x000000000800b364       0x54 Middlewares/Third_Party/FreeRTOS/Source/portable/GCC/ARM_CM4F/port.o
                0x000000000800b364                vPortExitCritical
 *fill*         0x000000000800b3b8        0x8 
 .text.PendSV_Handler
                0x000000000800b3c0       0x68 Middlewares/Third_Party/FreeRTOS/Source/portable/GCC/ARM_CM4F/port.o
                0x000000000800b3c0                PendSV_Handler
 .text.xPortSysTickHandler
                0x000000000800b428       0x44 Middlewares/Third_Party/FreeRTOS/Source/portable/GCC/ARM_CM4F/port.o
                0x000000000800b428                xPortSysTickHandler
 .text.vPortSetupTimerInterrupt
                0x000000000800b46c       0x48 Middlewares/Third_Party/FreeRTOS/Source/portable/GCC/ARM_CM4F/port.o
                0x000000000800b46c                vPortSetupTimerInterrupt
 .text.vPortEnableVFP
                0x000000000800b4b4       0x14 Middlewares/Third_Party/FreeRTOS/Source/portable/GCC/ARM_CM4F/port.o
 .text.vPortValidateInterruptPriority
                0x000000000800b4c8       0x80 Middlewares/Third_Party/FreeRTOS/Source/portable/GCC/ARM_CM4F/port.o
                0x000000000800b4c8                vPortValidateInterruptPriority
 .text.pvPortMalloc
                0x000000000800b548      0x198 Middlewares/Third_Party/FreeRTOS/Source/portable/MemMang/heap_4.o
                0x000000000800b548                pvPortMalloc
 .text.vPortFree
                0x000000000800b6e0       0xc4 Middlewares/Third_Party/FreeRTOS/Source/portable/MemMang/heap_4.o
                0x000000000800b6e0                vPortFree
 .text.prvHeapInit
                0x000000000800b7a4       0xc4 Middlewares/Third_Party/FreeRTOS/Source/portable/MemMang/heap_4.o
 .text.prvInsertBlockIntoFreeList
                0x000000000800b868       0xb4 Middlewares/Third_Party/FreeRTOS/Source/portable/MemMang/heap_4.o
 .text.__libc_init_array
                0x000000000800b91c       0x48 c:/st/stm32cubeide_1.4.0/stm32cubeide/plugins/com.st.stm32cube.ide.mcu.externaltools.gnu-tools-for-stm32.9-2020-q2-update.win32_1.5.0.202011040924/tools/bin/../lib/gcc/arm-none-eabi/9.3.1/../../../../arm-none-eabi/lib/thumb/v7e-m+dp/hard\libc_nano.a(lib_a-init.o)
                0x000000000800b91c                __libc_init_array
 .text.memcpy   0x000000000800b964       0x1c c:/st/stm32cubeide_1.4.0/stm32cubeide/plugins/com.st.stm32cube.ide.mcu.externaltools.gnu-tools-for-stm32.9-2020-q2-update.win32_1.5.0.202011040924/tools/bin/../lib/gcc/arm-none-eabi/9.3.1/../../../../arm-none-eabi/lib/thumb/v7e-m+dp/hard\libc_nano.a(lib_a-memcpy-stub.o)
                0x000000000800b964                memcpy
 .text.memset   0x000000000800b980       0x10 c:/st/stm32cubeide_1.4.0/stm32cubeide/plugins/com.st.stm32cube.ide.mcu.externaltools.gnu-tools-for-stm32.9-2020-q2-update.win32_1.5.0.202011040924/tools/bin/../lib/gcc/arm-none-eabi/9.3.1/../../../../arm-none-eabi/lib/thumb/v7e-m+dp/hard\libc_nano.a(lib_a-memset.o)
                0x000000000800b980                memset
 *(.glue_7)
 .glue_7        0x000000000800b990        0x0 linker stubs
 *(.glue_7t)
 .glue_7t       0x000000000800b990        0x0 linker stubs
 *(.eh_frame)
 .eh_frame      0x000000000800b990        0x0 c:/st/stm32cubeide_1.4.0/stm32cubeide/plugins/com.st.stm32cube.ide.mcu.externaltools.gnu-tools-for-stm32.9-2020-q2-update.win32_1.5.0.202011040924/tools/bin/../lib/gcc/arm-none-eabi/9.3.1/thumb/v7e-m+dp/hard/crtbegin.o
 *(.init)
 .init          0x000000000800b990        0x4 c:/st/stm32cubeide_1.4.0/stm32cubeide/plugins/com.st.stm32cube.ide.mcu.externaltools.gnu-tools-for-stm32.9-2020-q2-update.win32_1.5.0.202011040924/tools/bin/../lib/gcc/arm-none-eabi/9.3.1/thumb/v7e-m+dp/hard/crti.o
                0x000000000800b990                _init
 .init          0x000000000800b994        0x8 c:/st/stm32cubeide_1.4.0/stm32cubeide/plugins/com.st.stm32cube.ide.mcu.externaltools.gnu-tools-for-stm32.9-2020-q2-update.win32_1.5.0.202011040924/tools/bin/../lib/gcc/arm-none-eabi/9.3.1/thumb/v7e-m+dp/hard/crtn.o
 *(.fini)
 .fini          0x000000000800b99c        0x4 c:/st/stm32cubeide_1.4.0/stm32cubeide/plugins/com.st.stm32cube.ide.mcu.externaltools.gnu-tools-for-stm32.9-2020-q2-update.win32_1.5.0.202011040924/tools/bin/../lib/gcc/arm-none-eabi/9.3.1/thumb/v7e-m+dp/hard/crti.o
                0x000000000800b99c                _fini
 .fini          0x000000000800b9a0        0x8 c:/st/stm32cubeide_1.4.0/stm32cubeide/plugins/com.st.stm32cube.ide.mcu.externaltools.gnu-tools-for-stm32.9-2020-q2-update.win32_1.5.0.202011040924/tools/bin/../lib/gcc/arm-none-eabi/9.3.1/thumb/v7e-m+dp/hard/crtn.o
                0x000000000800b9a8                . = ALIGN (0x4)
                0x000000000800b9a8                _etext = .

.vfp11_veneer   0x000000000800b9a8        0x0
 .vfp11_veneer  0x000000000800b9a8        0x0 linker stubs

.v4_bx          0x000000000800b9a8        0x0
 .v4_bx         0x000000000800b9a8        0x0 linker stubs

.iplt           0x000000000800b9a8        0x0
 .iplt          0x000000000800b9a8        0x0 c:/st/stm32cubeide_1.4.0/stm32cubeide/plugins/com.st.stm32cube.ide.mcu.externaltools.gnu-tools-for-stm32.9-2020-q2-update.win32_1.5.0.202011040924/tools/bin/../lib/gcc/arm-none-eabi/9.3.1/thumb/v7e-m+dp/hard/crtbegin.o

.rodata         0x000000000800b9a8       0x88
                0x000000000800b9a8                . = ALIGN (0x4)
 *(.rodata)
 .rodata        0x000000000800b9a8        0xc Core/Src/main.o
 .rodata        0x000000000800b9b4        0x5 Middlewares/Third_Party/FreeRTOS/Source/tasks.o
 *fill*         0x000000000800b9b9        0x3 
 .rodata        0x000000000800b9bc        0xd Middlewares/Third_Party/FreeRTOS/Source/timers.o
 *(.rodata*)
 *fill*         0x000000000800b9c9        0x3 
 .rodata.defaultTask_attributes
                0x000000000800b9cc       0x24 Core/Src/main.o
                0x000000000800b9cc                defaultTask_attributes
 .rodata.D1CorePrescTable
                0x000000000800b9f0       0x10 Core/Src/system_stm32h7xx.o
                0x000000000800b9f0                D1CorePrescTable
 .rodata.flagBitshiftOffset.11414
                0x000000000800ba00        0x8 Drivers/STM32H7xx_HAL_Driver/Src/stm32h7xx_hal_dma.o
 .rodata.UARTPrescTable
                0x000000000800ba08       0x18 Drivers/STM32H7xx_HAL_Driver/Src/stm32h7xx_hal_uart.o
                0x000000000800ba08                UARTPrescTable
 .rodata.numerator.11369
                0x000000000800ba20        0x8 Drivers/STM32H7xx_HAL_Driver/Src/stm32h7xx_hal_uart_ex.o
 .rodata.denominator.11370
                0x000000000800ba28        0x8 Drivers/STM32H7xx_HAL_Driver/Src/stm32h7xx_hal_uart_ex.o
                0x000000000800ba30                . = ALIGN (0x4)

.ARM.extab      0x000000000800ba30        0x0
                0x000000000800ba30                . = ALIGN (0x4)
 *(.ARM.extab* .gnu.linkonce.armextab.*)
                0x000000000800ba30                . = ALIGN (0x4)

.ARM            0x000000000800ba30        0x8
                0x000000000800ba30                . = ALIGN (0x4)
                0x000000000800ba30                __exidx_start = .
 *(.ARM.exidx*)
 .ARM.exidx     0x000000000800ba30        0x8 c:/st/stm32cubeide_1.4.0/stm32cubeide/plugins/com.st.stm32cube.ide.mcu.externaltools.gnu-tools-for-stm32.9-2020-q2-update.win32_1.5.0.202011040924/tools/bin/../lib/gcc/arm-none-eabi/9.3.1/thumb/v7e-m+dp/hard\libgcc.a(_udivmoddi4.o)
                0x000000000800ba38                __exidx_end = .
                0x000000000800ba38                . = ALIGN (0x4)

.rel.dyn        0x000000000800ba38        0x0
 .rel.iplt      0x000000000800ba38        0x0 c:/st/stm32cubeide_1.4.0/stm32cubeide/plugins/com.st.stm32cube.ide.mcu.externaltools.gnu-tools-for-stm32.9-2020-q2-update.win32_1.5.0.202011040924/tools/bin/../lib/gcc/arm-none-eabi/9.3.1/thumb/v7e-m+dp/hard/crtbegin.o

.preinit_array  0x000000000800ba38        0x0
                0x000000000800ba38                . = ALIGN (0x4)
                0x000000000800ba38                PROVIDE (__preinit_array_start = .)
 *(.preinit_array*)
                0x000000000800ba38                PROVIDE (__preinit_array_end = .)
                0x000000000800ba38                . = ALIGN (0x4)

.init_array     0x000000000800ba38        0x4
                0x000000000800ba38                . = ALIGN (0x4)
                0x000000000800ba38                PROVIDE (__init_array_start = .)
 *(SORT_BY_NAME(.init_array.*))
 *(.init_array*)
 .init_array    0x000000000800ba38        0x4 c:/st/stm32cubeide_1.4.0/stm32cubeide/plugins/com.st.stm32cube.ide.mcu.externaltools.gnu-tools-for-stm32.9-2020-q2-update.win32_1.5.0.202011040924/tools/bin/../lib/gcc/arm-none-eabi/9.3.1/thumb/v7e-m+dp/hard/crtbegin.o
                0x000000000800ba3c                PROVIDE (__init_array_end = .)
                0x000000000800ba3c                . = ALIGN (0x4)

.fini_array     0x000000000800ba3c        0x4
                0x000000000800ba3c                . = ALIGN (0x4)
                [!provide]                        PROVIDE (__fini_array_start = .)
 *(SORT_BY_NAME(.fini_array.*))
 *(.fini_array*)
 .fini_array    0x000000000800ba3c        0x4 c:/st/stm32cubeide_1.4.0/stm32cubeide/plugins/com.st.stm32cube.ide.mcu.externaltools.gnu-tools-for-stm32.9-2020-q2-update.win32_1.5.0.202011040924/tools/bin/../lib/gcc/arm-none-eabi/9.3.1/thumb/v7e-m+dp/hard/crtbegin.o
                [!provide]                        PROVIDE (__fini_array_end = .)
                0x000000000800ba40                . = ALIGN (0x4)
                0x000000000800ba40                _sidata = LOADADDR (.data)

.data           0x0000000024000000       0x14 load address 0x000000000800ba40
                0x0000000024000000                . = ALIGN (0x4)
                0x0000000024000000                _sdata = .
 *(.data)
 *(.data*)
 .data.SystemCoreClock
                0x0000000024000000        0x4 Core/Src/system_stm32h7xx.o
                0x0000000024000000                SystemCoreClock
 .data.SystemD2Clock
                0x0000000024000004        0x4 Core/Src/system_stm32h7xx.o
                0x0000000024000004                SystemD2Clock
 .data.uwTickPrio
                0x0000000024000008        0x4 Drivers/STM32H7xx_HAL_Driver/Src/stm32h7xx_hal.o
                0x0000000024000008                uwTickPrio
 .data.uwTickFreq
                0x000000002400000c        0x1 Drivers/STM32H7xx_HAL_Driver/Src/stm32h7xx_hal.o
                0x000000002400000c                uwTickFreq
 *fill*         0x000000002400000d        0x3 
 .data.uxCriticalNesting
                0x0000000024000010        0x4 Middlewares/Third_Party/FreeRTOS/Source/portable/GCC/ARM_CM4F/port.o
 *(.RamFunc)
 *(.RamFunc*)
                0x0000000024000014                . = ALIGN (0x4)
                0x0000000024000014                _edata = .

.igot.plt       0x0000000024000014        0x0 load address 0x000000000800ba54
 .igot.plt      0x0000000024000014        0x0 c:/st/stm32cubeide_1.4.0/stm32cubeide/plugins/com.st.stm32cube.ide.mcu.externaltools.gnu-tools-for-stm32.9-2020-q2-update.win32_1.5.0.202011040924/tools/bin/../lib/gcc/arm-none-eabi/9.3.1/thumb/v7e-m+dp/hard/crtbegin.o

.RxDecripSection
                0x0000000024000014       0x60 load address 0x000000000800ba54
 .RxDecripSection
                0x0000000024000014       0x60 Core/Src/main.o
                0x0000000024000014                DMARxDscrTab

.TxDecripSection
                0x0000000024000074       0x60 load address 0x000000000800bab4
 .TxDecripSection
                0x0000000024000074       0x60 Core/Src/main.o
                0x0000000024000074                DMATxDscrTab
                0x00000000240000d4                . = ALIGN (0x4)

.bss            0x00000000240000d4     0x9108 load address 0x000000000800bb14
                0x00000000240000d4                _sbss = .
                0x00000000240000d4                __bss_start__ = _sbss
 *(.bss)
 .bss           0x00000000240000d4       0x1c c:/st/stm32cubeide_1.4.0/stm32cubeide/plugins/com.st.stm32cube.ide.mcu.externaltools.gnu-tools-for-stm32.9-2020-q2-update.win32_1.5.0.202011040924/tools/bin/../lib/gcc/arm-none-eabi/9.3.1/thumb/v7e-m+dp/hard/crtbegin.o
 *(.bss*)
 .bss.HAL_RCC_COMP12_CLK_ENABLED
                0x00000000240000f0        0x4 Core/Src/stm32h7xx_hal_msp.o
 .bss.KernelState
                0x00000000240000f4        0x4 Middlewares/Third_Party/FreeRTOS/Source/CMSIS_RTOS_V2/cmsis_os2.o
 .bss.Idle_TCB.12980
                0x00000000240000f8       0x5c Middlewares/Third_Party/FreeRTOS/Source/CMSIS_RTOS_V2/cmsis_os2.o
 .bss.Idle_Stack.12981
                0x0000000024000154      0x200 Middlewares/Third_Party/FreeRTOS/Source/CMSIS_RTOS_V2/cmsis_os2.o
 .bss.Timer_TCB.12987
                0x0000000024000354       0x5c Middlewares/Third_Party/FreeRTOS/Source/CMSIS_RTOS_V2/cmsis_os2.o
 .bss.Timer_Stack.12988
                0x00000000240003b0      0x400 Middlewares/Third_Party/FreeRTOS/Source/CMSIS_RTOS_V2/cmsis_os2.o
 .bss.pxCurrentTCB
                0x00000000240007b0        0x4 Middlewares/Third_Party/FreeRTOS/Source/tasks.o
                0x00000000240007b0                pxCurrentTCB
 .bss.pxReadyTasksLists
                0x00000000240007b4      0x460 Middlewares/Third_Party/FreeRTOS/Source/tasks.o
 .bss.xDelayedTaskList1
                0x0000000024000c14       0x14 Middlewares/Third_Party/FreeRTOS/Source/tasks.o
 .bss.xDelayedTaskList2
                0x0000000024000c28       0x14 Middlewares/Third_Party/FreeRTOS/Source/tasks.o
 .bss.pxDelayedTaskList
                0x0000000024000c3c        0x4 Middlewares/Third_Party/FreeRTOS/Source/tasks.o
 .bss.pxOverflowDelayedTaskList
                0x0000000024000c40        0x4 Middlewares/Third_Party/FreeRTOS/Source/tasks.o
 .bss.xPendingReadyList
                0x0000000024000c44       0x14 Middlewares/Third_Party/FreeRTOS/Source/tasks.o
 .bss.xTasksWaitingTermination
                0x0000000024000c58       0x14 Middlewares/Third_Party/FreeRTOS/Source/tasks.o
 .bss.uxDeletedTasksWaitingCleanUp
                0x0000000024000c6c        0x4 Middlewares/Third_Party/FreeRTOS/Source/tasks.o
 .bss.xSuspendedTaskList
                0x0000000024000c70       0x14 Middlewares/Third_Party/FreeRTOS/Source/tasks.o
 .bss.uxCurrentNumberOfTasks
                0x0000000024000c84        0x4 Middlewares/Third_Party/FreeRTOS/Source/tasks.o
 .bss.xTickCount
                0x0000000024000c88        0x4 Middlewares/Third_Party/FreeRTOS/Source/tasks.o
 .bss.uxTopReadyPriority
                0x0000000024000c8c        0x4 Middlewares/Third_Party/FreeRTOS/Source/tasks.o
 .bss.xSchedulerRunning
                0x0000000024000c90        0x4 Middlewares/Third_Party/FreeRTOS/Source/tasks.o
 .bss.xPendedTicks
                0x0000000024000c94        0x4 Middlewares/Third_Party/FreeRTOS/Source/tasks.o
 .bss.xYieldPending
                0x0000000024000c98        0x4 Middlewares/Third_Party/FreeRTOS/Source/tasks.o
 .bss.xNumOfOverflows
                0x0000000024000c9c        0x4 Middlewares/Third_Party/FreeRTOS/Source/tasks.o
 .bss.uxTaskNumber
                0x0000000024000ca0        0x4 Middlewares/Third_Party/FreeRTOS/Source/tasks.o
 .bss.xNextTaskUnblockTime
                0x0000000024000ca4        0x4 Middlewares/Third_Party/FreeRTOS/Source/tasks.o
 .bss.xIdleTaskHandle
                0x0000000024000ca8        0x4 Middlewares/Third_Party/FreeRTOS/Source/tasks.o
 .bss.uxSchedulerSuspended
                0x0000000024000cac        0x4 Middlewares/Third_Party/FreeRTOS/Source/tasks.o
 .bss.xActiveTimerList1
                0x0000000024000cb0       0x14 Middlewares/Third_Party/FreeRTOS/Source/timers.o
 .bss.xActiveTimerList2
                0x0000000024000cc4       0x14 Middlewares/Third_Party/FreeRTOS/Source/timers.o
 .bss.pxCurrentTimerList
                0x0000000024000cd8        0x4 Middlewares/Third_Party/FreeRTOS/Source/timers.o
 .bss.pxOverflowTimerList
                0x0000000024000cdc        0x4 Middlewares/Third_Party/FreeRTOS/Source/timers.o
 .bss.xTimerQueue
                0x0000000024000ce0        0x4 Middlewares/Third_Party/FreeRTOS/Source/timers.o
 .bss.xTimerTaskHandle
                0x0000000024000ce4        0x4 Middlewares/Third_Party/FreeRTOS/Source/timers.o
 .bss.xLastTime.6925
                0x0000000024000ce8        0x4 Middlewares/Third_Party/FreeRTOS/Source/timers.o
 .bss.ucStaticTimerQueueStorage.6976
                0x0000000024000cec       0xa0 Middlewares/Third_Party/FreeRTOS/Source/timers.o
 .bss.xStaticTimerQueue.6975
                0x0000000024000d8c       0x50 Middlewares/Third_Party/FreeRTOS/Source/timers.o
 .bss.ucMaxSysCallPriority
                0x0000000024000ddc        0x1 Middlewares/Third_Party/FreeRTOS/Source/portable/GCC/ARM_CM4F/port.o
 *fill*         0x0000000024000ddd        0x3 
 .bss.ulMaxPRIGROUPValue
                0x0000000024000de0        0x4 Middlewares/Third_Party/FreeRTOS/Source/portable/GCC/ARM_CM4F/port.o
 .bss.ucHeap    0x0000000024000de4     0x8000 Middlewares/Third_Party/FreeRTOS/Source/portable/MemMang/heap_4.o
 .bss.xStart    0x0000000024008de4        0x8 Middlewares/Third_Party/FreeRTOS/Source/portable/MemMang/heap_4.o
 .bss.pxEnd     0x0000000024008dec        0x4 Middlewares/Third_Party/FreeRTOS/Source/portable/MemMang/heap_4.o
 .bss.xFreeBytesRemaining
                0x0000000024008df0        0x4 Middlewares/Third_Party/FreeRTOS/Source/portable/MemMang/heap_4.o
 .bss.xMinimumEverFreeBytesRemaining
                0x0000000024008df4        0x4 Middlewares/Third_Party/FreeRTOS/Source/portable/MemMang/heap_4.o
 .bss.xNumberOfSuccessfulAllocations
                0x0000000024008df8        0x4 Middlewares/Third_Party/FreeRTOS/Source/portable/MemMang/heap_4.o
 .bss.xNumberOfSuccessfulFrees
                0x0000000024008dfc        0x4 Middlewares/Third_Party/FreeRTOS/Source/portable/MemMang/heap_4.o
 .bss.xBlockAllocatedBit
                0x0000000024008e00        0x4 Middlewares/Third_Party/FreeRTOS/Source/portable/MemMang/heap_4.o
 *(COMMON)
 COMMON         0x0000000024008e04      0x348 Core/Src/main.o
                0x0000000024008e04                defaultTaskHandle
                0x0000000024008e08                huart3
                0x0000000024008e98                htim17
                0x0000000024008ee4                hcomp1
                0x0000000024008f10                huart1
                0x0000000024008fa0                hcomp2
                0x0000000024008fcc                hdma_tim17_up
                0x0000000024009044                htim2
                0x0000000024009090                heth
                0x0000000024009118                TxConfig
 COMMON         0x000000002400914c       0x4c Core/Src/stm32h7xx_hal_timebase_tim.o
                0x000000002400914c                htim1
 COMMON         0x0000000024009198        0x4 Drivers/STM32H7xx_HAL_Driver/Src/stm32h7xx_hal.o
                0x0000000024009198                uwTick
 COMMON         0x000000002400919c       0x40 Middlewares/Third_Party/FreeRTOS/Source/queue.o
                0x000000002400919c                xQueueRegistry
                0x00000000240091dc                . = ALIGN (0x4)
                0x00000000240091dc                _ebss = .
                0x00000000240091dc                __bss_end__ = _ebss

._user_heap_stack
                0x00000000240091dc      0x604 load address 0x000000000800bb14
                0x00000000240091e0                . = ALIGN (0x8)
 *fill*         0x00000000240091dc        0x4 
                [!provide]                        PROVIDE (end = .)
                0x00000000240091e0                PROVIDE (_end = .)
                0x00000000240093e0                . = (. + _Min_Heap_Size)
 *fill*         0x00000000240091e0      0x200 
                0x00000000240097e0                . = (. + _Min_Stack_Size)
 *fill*         0x00000000240093e0      0x400 
                0x00000000240097e0                . = ALIGN (0x8)

/DISCARD/
 libc.a(*)
 libm.a(*)
 libgcc.a(*)

.ARM.attributes
                0x0000000000000000       0x2e
 *(.ARM.attributes)
 .ARM.attributes
                0x0000000000000000       0x1e c:/st/stm32cubeide_1.4.0/stm32cubeide/plugins/com.st.stm32cube.ide.mcu.externaltools.gnu-tools-for-stm32.9-2020-q2-update.win32_1.5.0.202011040924/tools/bin/../lib/gcc/arm-none-eabi/9.3.1/thumb/v7e-m+dp/hard/crti.o
 .ARM.attributes
                0x000000000000001e       0x32 c:/st/stm32cubeide_1.4.0/stm32cubeide/plugins/com.st.stm32cube.ide.mcu.externaltools.gnu-tools-for-stm32.9-2020-q2-update.win32_1.5.0.202011040924/tools/bin/../lib/gcc/arm-none-eabi/9.3.1/thumb/v7e-m+dp/hard/crtbegin.o
 .ARM.attributes
                0x0000000000000050       0x32 Core/Src/main.o
 .ARM.attributes
                0x0000000000000082       0x32 Core/Src/stm32h7xx_hal_msp.o
 .ARM.attributes
                0x00000000000000b4       0x32 Core/Src/stm32h7xx_hal_timebase_tim.o
 .ARM.attributes
                0x00000000000000e6       0x32 Core/Src/stm32h7xx_it.o
 .ARM.attributes
                0x0000000000000118       0x32 Core/Src/system_stm32h7xx.o
 .ARM.attributes
                0x000000000000014a       0x21 Core/Startup/startup_stm32h723zgtx.o
 .ARM.attributes
                0x000000000000016b       0x32 Drivers/STM32H7xx_HAL_Driver/Src/stm32h7xx_hal.o
 .ARM.attributes
                0x000000000000019d       0x32 Drivers/STM32H7xx_HAL_Driver/Src/stm32h7xx_hal_comp.o
 .ARM.attributes
                0x00000000000001cf       0x32 Drivers/STM32H7xx_HAL_Driver/Src/stm32h7xx_hal_cortex.o
 .ARM.attributes
                0x0000000000000201       0x32 Drivers/STM32H7xx_HAL_Driver/Src/stm32h7xx_hal_dma.o
 .ARM.attributes
                0x0000000000000233       0x32 Drivers/STM32H7xx_HAL_Driver/Src/stm32h7xx_hal_eth.o
 .ARM.attributes
                0x0000000000000265       0x32 Drivers/STM32H7xx_HAL_Driver/Src/stm32h7xx_hal_gpio.o
 .ARM.attributes
                0x0000000000000297       0x32 Drivers/STM32H7xx_HAL_Driver/Src/stm32h7xx_hal_pwr_ex.o
 .ARM.attributes
                0x00000000000002c9       0x32 Drivers/STM32H7xx_HAL_Driver/Src/stm32h7xx_hal_rcc.o
 .ARM.attributes
                0x00000000000002fb       0x32 Drivers/STM32H7xx_HAL_Driver/Src/stm32h7xx_hal_rcc_ex.o
 .ARM.attributes
                0x000000000000032d       0x32 Drivers/STM32H7xx_HAL_Driver/Src/stm32h7xx_hal_tim.o
 .ARM.attributes
                0x000000000000035f       0x32 Drivers/STM32H7xx_HAL_Driver/Src/stm32h7xx_hal_tim_ex.o
 .ARM.attributes
                0x0000000000000391       0x32 Drivers/STM32H7xx_HAL_Driver/Src/stm32h7xx_hal_uart.o
 .ARM.attributes
                0x00000000000003c3       0x32 Drivers/STM32H7xx_HAL_Driver/Src/stm32h7xx_hal_uart_ex.o
 .ARM.attributes
                0x00000000000003f5       0x32 Middlewares/Third_Party/FreeRTOS/Source/CMSIS_RTOS_V2/cmsis_os2.o
 .ARM.attributes
                0x0000000000000427       0x32 Middlewares/Third_Party/FreeRTOS/Source/list.o
 .ARM.attributes
                0x0000000000000459       0x32 Middlewares/Third_Party/FreeRTOS/Source/queue.o
 .ARM.attributes
                0x000000000000048b       0x32 Middlewares/Third_Party/FreeRTOS/Source/tasks.o
 .ARM.attributes
                0x00000000000004bd       0x32 Middlewares/Third_Party/FreeRTOS/Source/timers.o
 .ARM.attributes
                0x00000000000004ef       0x32 Middlewares/Third_Party/FreeRTOS/Source/portable/GCC/ARM_CM4F/port.o
 .ARM.attributes
                0x0000000000000521       0x32 Middlewares/Third_Party/FreeRTOS/Source/portable/MemMang/heap_4.o
 .ARM.attributes
                0x0000000000000553       0x32 c:/st/stm32cubeide_1.4.0/stm32cubeide/plugins/com.st.stm32cube.ide.mcu.externaltools.gnu-tools-for-stm32.9-2020-q2-update.win32_1.5.0.202011040924/tools/bin/../lib/gcc/arm-none-eabi/9.3.1/../../../../arm-none-eabi/lib/thumb/v7e-m+dp/hard\libc_nano.a(lib_a-init.o)
 .ARM.attributes
                0x0000000000000585       0x32 c:/st/stm32cubeide_1.4.0/stm32cubeide/plugins/com.st.stm32cube.ide.mcu.externaltools.gnu-tools-for-stm32.9-2020-q2-update.win32_1.5.0.202011040924/tools/bin/../lib/gcc/arm-none-eabi/9.3.1/../../../../arm-none-eabi/lib/thumb/v7e-m+dp/hard\libc_nano.a(lib_a-memcpy-stub.o)
 .ARM.attributes
                0x00000000000005b7       0x32 c:/st/stm32cubeide_1.4.0/stm32cubeide/plugins/com.st.stm32cube.ide.mcu.externaltools.gnu-tools-for-stm32.9-2020-q2-update.win32_1.5.0.202011040924/tools/bin/../lib/gcc/arm-none-eabi/9.3.1/../../../../arm-none-eabi/lib/thumb/v7e-m+dp/hard\libc_nano.a(lib_a-memset.o)
 .ARM.attributes
                0x00000000000005e9       0x1e c:/st/stm32cubeide_1.4.0/stm32cubeide/plugins/com.st.stm32cube.ide.mcu.externaltools.gnu-tools-for-stm32.9-2020-q2-update.win32_1.5.0.202011040924/tools/bin/../lib/gcc/arm-none-eabi/9.3.1/thumb/v7e-m+dp/hard\libgcc.a(_aeabi_uldivmod.o)
 .ARM.attributes
                0x0000000000000607       0x32 c:/st/stm32cubeide_1.4.0/stm32cubeide/plugins/com.st.stm32cube.ide.mcu.externaltools.gnu-tools-for-stm32.9-2020-q2-update.win32_1.5.0.202011040924/tools/bin/../lib/gcc/arm-none-eabi/9.3.1/thumb/v7e-m+dp/hard\libgcc.a(_udivmoddi4.o)
 .ARM.attributes
                0x0000000000000639       0x1e c:/st/stm32cubeide_1.4.0/stm32cubeide/plugins/com.st.stm32cube.ide.mcu.externaltools.gnu-tools-for-stm32.9-2020-q2-update.win32_1.5.0.202011040924/tools/bin/../lib/gcc/arm-none-eabi/9.3.1/thumb/v7e-m+dp/hard\libgcc.a(_dvmd_tls.o)
 .ARM.attributes
                0x0000000000000657       0x1e c:/st/stm32cubeide_1.4.0/stm32cubeide/plugins/com.st.stm32cube.ide.mcu.externaltools.gnu-tools-for-stm32.9-2020-q2-update.win32_1.5.0.202011040924/tools/bin/../lib/gcc/arm-none-eabi/9.3.1/thumb/v7e-m+dp/hard/crtn.o
OUTPUT(line_V2.elf elf32-littlearm)
LOAD linker stubs
LOAD c:/st/stm32cubeide_1.4.0/stm32cubeide/plugins/com.st.stm32cube.ide.mcu.externaltools.gnu-tools-for-stm32.9-2020-q2-update.win32_1.5.0.202011040924/tools/bin/../lib/gcc/arm-none-eabi/9.3.1/../../../../arm-none-eabi/lib/thumb/v7e-m+dp/hard\libc.a
LOAD c:/st/stm32cubeide_1.4.0/stm32cubeide/plugins/com.st.stm32cube.ide.mcu.externaltools.gnu-tools-for-stm32.9-2020-q2-update.win32_1.5.0.202011040924/tools/bin/../lib/gcc/arm-none-eabi/9.3.1/../../../../arm-none-eabi/lib/thumb/v7e-m+dp/hard\libm.a
LOAD c:/st/stm32cubeide_1.4.0/stm32cubeide/plugins/com.st.stm32cube.ide.mcu.externaltools.gnu-tools-for-stm32.9-2020-q2-update.win32_1.5.0.202011040924/tools/bin/../lib/gcc/arm-none-eabi/9.3.1/thumb/v7e-m+dp/hard\libgcc.a

.debug_info     0x0000000000000000    0x31349
 .debug_info    0x0000000000000000     0x3910 Core/Src/main.o
 .debug_info    0x0000000000003910     0x3408 Core/Src/stm32h7xx_hal_msp.o
 .debug_info    0x0000000000006d18     0x1adc Core/Src/stm32h7xx_hal_timebase_tim.o
 .debug_info    0x00000000000087f4     0x12f6 Core/Src/stm32h7xx_it.o
 .debug_info    0x0000000000009aea     0x15c5 Core/Src/system_stm32h7xx.o
 .debug_info    0x000000000000b0af       0x22 Core/Startup/startup_stm32h723zgtx.o
 .debug_info    0x000000000000b0d1     0x210c Drivers/STM32H7xx_HAL_Driver/Src/stm32h7xx_hal.o
 .debug_info    0x000000000000d1dd     0x12aa Drivers/STM32H7xx_HAL_Driver/Src/stm32h7xx_hal_comp.o
 .debug_info    0x000000000000e487     0x1c07 Drivers/STM32H7xx_HAL_Driver/Src/stm32h7xx_hal_cortex.o
 .debug_info    0x000000000001008e     0x167d Drivers/STM32H7xx_HAL_Driver/Src/stm32h7xx_hal_dma.o
 .debug_info    0x000000000001170b     0x3294 Drivers/STM32H7xx_HAL_Driver/Src/stm32h7xx_hal_eth.o
 .debug_info    0x000000000001499f     0x17f5 Drivers/STM32H7xx_HAL_Driver/Src/stm32h7xx_hal_gpio.o
 .debug_info    0x0000000000016194     0x1919 Drivers/STM32H7xx_HAL_Driver/Src/stm32h7xx_hal_pwr_ex.o
 .debug_info    0x0000000000017aad     0x185e Drivers/STM32H7xx_HAL_Driver/Src/stm32h7xx_hal_rcc.o
 .debug_info    0x000000000001930b     0x1ce6 Drivers/STM32H7xx_HAL_Driver/Src/stm32h7xx_hal_rcc_ex.o
 .debug_info    0x000000000001aff1     0x3639 Drivers/STM32H7xx_HAL_Driver/Src/stm32h7xx_hal_tim.o
 .debug_info    0x000000000001e62a     0x21cf Drivers/STM32H7xx_HAL_Driver/Src/stm32h7xx_hal_tim_ex.o
 .debug_info    0x00000000000207f9     0x2937 Drivers/STM32H7xx_HAL_Driver/Src/stm32h7xx_hal_uart.o
 .debug_info    0x0000000000023130     0x178e Drivers/STM32H7xx_HAL_Driver/Src/stm32h7xx_hal_uart_ex.o
 .debug_info    0x00000000000248be     0x4223 Middlewares/Third_Party/FreeRTOS/Source/CMSIS_RTOS_V2/cmsis_os2.o
 .debug_info    0x0000000000028ae1      0xb82 Middlewares/Third_Party/FreeRTOS/Source/list.o
 .debug_info    0x0000000000029663     0x23b0 Middlewares/Third_Party/FreeRTOS/Source/queue.o
 .debug_info    0x000000000002ba13     0x2ac6 Middlewares/Third_Party/FreeRTOS/Source/tasks.o
 .debug_info    0x000000000002e4d9     0x1bf5 Middlewares/Third_Party/FreeRTOS/Source/timers.o
 .debug_info    0x00000000000300ce      0x4f1 Middlewares/Third_Party/FreeRTOS/Source/portable/GCC/ARM_CM4F/port.o
 .debug_info    0x00000000000305bf      0xd8a Middlewares/Third_Party/FreeRTOS/Source/portable/MemMang/heap_4.o

.debug_abbrev   0x0000000000000000     0x4a7e
 .debug_abbrev  0x0000000000000000      0x379 Core/Src/main.o
 .debug_abbrev  0x0000000000000379      0x2a7 Core/Src/stm32h7xx_hal_msp.o
 .debug_abbrev  0x0000000000000620      0x271 Core/Src/stm32h7xx_hal_timebase_tim.o
 .debug_abbrev  0x0000000000000891      0x211 Core/Src/stm32h7xx_it.o
 .debug_abbrev  0x0000000000000aa2      0x251 Core/Src/system_stm32h7xx.o
 .debug_abbrev  0x0000000000000cf3       0x12 Core/Startup/startup_stm32h723zgtx.o
 .debug_abbrev  0x0000000000000d05      0x324 Drivers/STM32H7xx_HAL_Driver/Src/stm32h7xx_hal.o
 .debug_abbrev  0x0000000000001029      0x285 Drivers/STM32H7xx_HAL_Driver/Src/stm32h7xx_hal_comp.o
 .debug_abbrev  0x00000000000012ae      0x409 Drivers/STM32H7xx_HAL_Driver/Src/stm32h7xx_hal_cortex.o
 .debug_abbrev  0x00000000000016b7      0x2c1 Drivers/STM32H7xx_HAL_Driver/Src/stm32h7xx_hal_dma.o
 .debug_abbrev  0x0000000000001978      0x328 Drivers/STM32H7xx_HAL_Driver/Src/stm32h7xx_hal_eth.o
 .debug_abbrev  0x0000000000001ca0      0x2cb Drivers/STM32H7xx_HAL_Driver/Src/stm32h7xx_hal_gpio.o
 .debug_abbrev  0x0000000000001f6b      0x33f Drivers/STM32H7xx_HAL_Driver/Src/stm32h7xx_hal_pwr_ex.o
 .debug_abbrev  0x00000000000022aa      0x311 Drivers/STM32H7xx_HAL_Driver/Src/stm32h7xx_hal_rcc.o
 .debug_abbrev  0x00000000000025bb      0x31d Drivers/STM32H7xx_HAL_Driver/Src/stm32h7xx_hal_rcc_ex.o
 .debug_abbrev  0x00000000000028d8      0x2f9 Drivers/STM32H7xx_HAL_Driver/Src/stm32h7xx_hal_tim.o
 .debug_abbrev  0x0000000000002bd1      0x301 Drivers/STM32H7xx_HAL_Driver/Src/stm32h7xx_hal_tim_ex.o
 .debug_abbrev  0x0000000000002ed2      0x309 Drivers/STM32H7xx_HAL_Driver/Src/stm32h7xx_hal_uart.o
 .debug_abbrev  0x00000000000031db      0x2a5 Drivers/STM32H7xx_HAL_Driver/Src/stm32h7xx_hal_uart_ex.o
 .debug_abbrev  0x0000000000003480      0x4d2 Middlewares/Third_Party/FreeRTOS/Source/CMSIS_RTOS_V2/cmsis_os2.o
 .debug_abbrev  0x0000000000003952      0x1f7 Middlewares/Third_Party/FreeRTOS/Source/list.o
 .debug_abbrev  0x0000000000003b49      0x380 Middlewares/Third_Party/FreeRTOS/Source/queue.o
 .debug_abbrev  0x0000000000003ec9      0x39a Middlewares/Third_Party/FreeRTOS/Source/tasks.o
 .debug_abbrev  0x0000000000004263      0x317 Middlewares/Third_Party/FreeRTOS/Source/timers.o
 .debug_abbrev  0x000000000000457a      0x231 Middlewares/Third_Party/FreeRTOS/Source/portable/GCC/ARM_CM4F/port.o
 .debug_abbrev  0x00000000000047ab      0x2d3 Middlewares/Third_Party/FreeRTOS/Source/portable/MemMang/heap_4.o

.debug_aranges  0x0000000000000000     0x1b30
 .debug_aranges
                0x0000000000000000       0xa0 Core/Src/main.o
 .debug_aranges
                0x00000000000000a0       0x68 Core/Src/stm32h7xx_hal_msp.o
 .debug_aranges
                0x0000000000000108       0x30 Core/Src/stm32h7xx_hal_timebase_tim.o
 .debug_aranges
                0x0000000000000138       0x60 Core/Src/stm32h7xx_it.o
 .debug_aranges
                0x0000000000000198       0x28 Core/Src/system_stm32h7xx.o
 .debug_aranges
                0x00000000000001c0       0x28 Core/Startup/startup_stm32h723zgtx.o
 .debug_aranges
                0x00000000000001e8      0x1c8 Drivers/STM32H7xx_HAL_Driver/Src/stm32h7xx_hal.o
 .debug_aranges
                0x00000000000003b0       0x88 Drivers/STM32H7xx_HAL_Driver/Src/stm32h7xx_hal_comp.o
 .debug_aranges
                0x0000000000000438      0x120 Drivers/STM32H7xx_HAL_Driver/Src/stm32h7xx_hal_cortex.o
 .debug_aranges
                0x0000000000000558       0xa0 Drivers/STM32H7xx_HAL_Driver/Src/stm32h7xx_hal_dma.o
 .debug_aranges
                0x00000000000005f8      0x1b0 Drivers/STM32H7xx_HAL_Driver/Src/stm32h7xx_hal_eth.o
 .debug_aranges
                0x00000000000007a8       0x58 Drivers/STM32H7xx_HAL_Driver/Src/stm32h7xx_hal_gpio.o
 .debug_aranges
                0x0000000000000800      0x148 Drivers/STM32H7xx_HAL_Driver/Src/stm32h7xx_hal_pwr_ex.o
 .debug_aranges
                0x0000000000000948       0x88 Drivers/STM32H7xx_HAL_Driver/Src/stm32h7xx_hal_rcc.o
 .debug_aranges
                0x00000000000009d0       0xf8 Drivers/STM32H7xx_HAL_Driver/Src/stm32h7xx_hal_rcc_ex.o
 .debug_aranges
                0x0000000000000ac8      0x3e0 Drivers/STM32H7xx_HAL_Driver/Src/stm32h7xx_hal_tim.o
 .debug_aranges
                0x0000000000000ea8      0x188 Drivers/STM32H7xx_HAL_Driver/Src/stm32h7xx_hal_tim_ex.o
 .debug_aranges
                0x0000000000001030      0x248 Drivers/STM32H7xx_HAL_Driver/Src/stm32h7xx_hal_uart.o
 .debug_aranges
                0x0000000000001278       0xa0 Drivers/STM32H7xx_HAL_Driver/Src/stm32h7xx_hal_uart_ex.o
 .debug_aranges
                0x0000000000001318      0x2b0 Middlewares/Third_Party/FreeRTOS/Source/CMSIS_RTOS_V2/cmsis_os2.o
 .debug_aranges
                0x00000000000015c8       0x40 Middlewares/Third_Party/FreeRTOS/Source/list.o
 .debug_aranges
                0x0000000000001608      0x158 Middlewares/Third_Party/FreeRTOS/Source/queue.o
 .debug_aranges
                0x0000000000001760      0x208 Middlewares/Third_Party/FreeRTOS/Source/tasks.o
 .debug_aranges
                0x0000000000001968       0xf0 Middlewares/Third_Party/FreeRTOS/Source/timers.o
 .debug_aranges
                0x0000000000001a58       0x80 Middlewares/Third_Party/FreeRTOS/Source/portable/GCC/ARM_CM4F/port.o
 .debug_aranges
                0x0000000000001ad8       0x58 Middlewares/Third_Party/FreeRTOS/Source/portable/MemMang/heap_4.o

.debug_ranges   0x0000000000000000     0x19c8
 .debug_ranges  0x0000000000000000       0x90 Core/Src/main.o
 .debug_ranges  0x0000000000000090       0x58 Core/Src/stm32h7xx_hal_msp.o
 .debug_ranges  0x00000000000000e8       0x20 Core/Src/stm32h7xx_hal_timebase_tim.o
 .debug_ranges  0x0000000000000108       0x50 Core/Src/stm32h7xx_it.o
 .debug_ranges  0x0000000000000158       0x18 Core/Src/system_stm32h7xx.o
 .debug_ranges  0x0000000000000170       0x20 Core/Startup/startup_stm32h723zgtx.o
 .debug_ranges  0x0000000000000190      0x1b8 Drivers/STM32H7xx_HAL_Driver/Src/stm32h7xx_hal.o
 .debug_ranges  0x0000000000000348       0x78 Drivers/STM32H7xx_HAL_Driver/Src/stm32h7xx_hal_comp.o
 .debug_ranges  0x00000000000003c0      0x110 Drivers/STM32H7xx_HAL_Driver/Src/stm32h7xx_hal_cortex.o
 .debug_ranges  0x00000000000004d0       0x90 Drivers/STM32H7xx_HAL_Driver/Src/stm32h7xx_hal_dma.o
 .debug_ranges  0x0000000000000560      0x1a0 Drivers/STM32H7xx_HAL_Driver/Src/stm32h7xx_hal_eth.o
 .debug_ranges  0x0000000000000700       0x48 Drivers/STM32H7xx_HAL_Driver/Src/stm32h7xx_hal_gpio.o
 .debug_ranges  0x0000000000000748      0x138 Drivers/STM32H7xx_HAL_Driver/Src/stm32h7xx_hal_pwr_ex.o
 .debug_ranges  0x0000000000000880       0x78 Drivers/STM32H7xx_HAL_Driver/Src/stm32h7xx_hal_rcc.o
 .debug_ranges  0x00000000000008f8       0xe8 Drivers/STM32H7xx_HAL_Driver/Src/stm32h7xx_hal_rcc_ex.o
 .debug_ranges  0x00000000000009e0      0x3d0 Drivers/STM32H7xx_HAL_Driver/Src/stm32h7xx_hal_tim.o
 .debug_ranges  0x0000000000000db0      0x178 Drivers/STM32H7xx_HAL_Driver/Src/stm32h7xx_hal_tim_ex.o
 .debug_ranges  0x0000000000000f28      0x268 Drivers/STM32H7xx_HAL_Driver/Src/stm32h7xx_hal_uart.o
 .debug_ranges  0x0000000000001190       0x90 Drivers/STM32H7xx_HAL_Driver/Src/stm32h7xx_hal_uart_ex.o
 .debug_ranges  0x0000000000001220      0x2a0 Middlewares/Third_Party/FreeRTOS/Source/CMSIS_RTOS_V2/cmsis_os2.o
 .debug_ranges  0x00000000000014c0       0x30 Middlewares/Third_Party/FreeRTOS/Source/list.o
 .debug_ranges  0x00000000000014f0      0x148 Middlewares/Third_Party/FreeRTOS/Source/queue.o
 .debug_ranges  0x0000000000001638      0x1f8 Middlewares/Third_Party/FreeRTOS/Source/tasks.o
 .debug_ranges  0x0000000000001830       0xe0 Middlewares/Third_Party/FreeRTOS/Source/timers.o
 .debug_ranges  0x0000000000001910       0x70 Middlewares/Third_Party/FreeRTOS/Source/portable/GCC/ARM_CM4F/port.o
 .debug_ranges  0x0000000000001980       0x48 Middlewares/Third_Party/FreeRTOS/Source/portable/MemMang/heap_4.o

.debug_macro    0x0000000000000000     0x52c4
 .debug_macro   0x0000000000000000      0x468 Core/Src/main.o
 .debug_macro   0x0000000000000468       0x16 Core/Src/main.o
 .debug_macro   0x000000000000047e       0x35 Core/Src/main.o
 .debug_macro   0x00000000000004b3       0x20 Core/Src/main.o
 .debug_macro   0x00000000000004d3      0x169 Core/Src/main.o
 .debug_macro   0x000000000000063c       0x66 Core/Src/main.o
 .debug_macro   0x00000000000006a2       0x74 Core/Src/main.o
 .debug_macro   0x0000000000000716       0xdd Core/Src/main.o
 .debug_macro   0x00000000000007f3       0x1c Core/Src/main.o
 .debug_macro   0x000000000000080f       0x10 Core/Src/main.o
 .debug_macro   0x000000000000081f       0x10 Core/Src/main.o
 .debug_macro   0x000000000000082f       0x1c Core/Src/main.o
 .debug_macro   0x000000000000084b       0x52 Core/Src/main.o
 .debug_macro   0x000000000000089d       0x22 Core/Src/main.o
 .debug_macro   0x00000000000008bf       0x10 Core/Src/main.o
 .debug_macro   0x00000000000008cf       0x40 Core/Src/main.o
 .debug_macro   0x000000000000090f       0xd5 Core/Src/main.o
 .debug_macro   0x00000000000009e4       0x1c Core/Src/main.o
 .debug_macro   0x0000000000000a00       0x3d Core/Src/main.o
 .debug_macro   0x0000000000000a3d       0x16 Core/Src/main.o
 .debug_macro   0x0000000000000a53      0x145 Core/Src/main.o
 .debug_macro   0x0000000000000b98       0x10 Core/Src/main.o
 .debug_macro   0x0000000000000ba8      0x241 Core/Src/main.o
 .debug_macro   0x0000000000000de9      0x2d5 Core/Src/stm32h7xx_hal_msp.o
 .debug_macro   0x00000000000010be      0x2c6 Core/Src/stm32h7xx_hal_timebase_tim.o
 .debug_macro   0x0000000000001384      0x2df Core/Src/stm32h7xx_it.o
 .debug_macro   0x0000000000001663      0x2cc Core/Src/system_stm32h7xx.o
 .debug_macro   0x000000000000192f      0x2f0 Drivers/STM32H7xx_HAL_Driver/Src/stm32h7xx_hal.o
 .debug_macro   0x0000000000001c1f      0x2d5 Drivers/STM32H7xx_HAL_Driver/Src/stm32h7xx_hal_comp.o
 .debug_macro   0x0000000000001ef4      0x2c6 Drivers/STM32H7xx_HAL_Driver/Src/stm32h7xx_hal_cortex.o
 .debug_macro   0x00000000000021ba      0x31a Drivers/STM32H7xx_HAL_Driver/Src/stm32h7xx_hal_dma.o
 .debug_macro   0x00000000000024d4      0x353 Drivers/STM32H7xx_HAL_Driver/Src/stm32h7xx_hal_eth.o
 .debug_macro   0x0000000000002827      0x302 Drivers/STM32H7xx_HAL_Driver/Src/stm32h7xx_hal_gpio.o
 .debug_macro   0x0000000000002b29      0x2ff Drivers/STM32H7xx_HAL_Driver/Src/stm32h7xx_hal_pwr_ex.o
 .debug_macro   0x0000000000002e28      0x2ea Drivers/STM32H7xx_HAL_Driver/Src/stm32h7xx_hal_rcc.o
 .debug_macro   0x0000000000003112      0x2e4 Drivers/STM32H7xx_HAL_Driver/Src/stm32h7xx_hal_rcc_ex.o
 .debug_macro   0x00000000000033f6      0x2c7 Drivers/STM32H7xx_HAL_Driver/Src/stm32h7xx_hal_tim.o
 .debug_macro   0x00000000000036bd      0x2c6 Drivers/STM32H7xx_HAL_Driver/Src/stm32h7xx_hal_tim_ex.o
 .debug_macro   0x0000000000003983      0x2f1 Drivers/STM32H7xx_HAL_Driver/Src/stm32h7xx_hal_uart.o
 .debug_macro   0x0000000000003c74      0x2d2 Drivers/STM32H7xx_HAL_Driver/Src/stm32h7xx_hal_uart_ex.o
 .debug_macro   0x0000000000003f46      0x425 Middlewares/Third_Party/FreeRTOS/Source/CMSIS_RTOS_V2/cmsis_os2.o
 .debug_macro   0x000000000000436b       0x10 Middlewares/Third_Party/FreeRTOS/Source/CMSIS_RTOS_V2/cmsis_os2.o
 .debug_macro   0x000000000000437b       0x10 Middlewares/Third_Party/FreeRTOS/Source/CMSIS_RTOS_V2/cmsis_os2.o
 .debug_macro   0x000000000000438b       0xf5 Middlewares/Third_Party/FreeRTOS/Source/CMSIS_RTOS_V2/cmsis_os2.o
 .debug_macro   0x0000000000004480       0x91 Middlewares/Third_Party/FreeRTOS/Source/CMSIS_RTOS_V2/cmsis_os2.o
 .debug_macro   0x0000000000004511       0x8d Middlewares/Third_Party/FreeRTOS/Source/CMSIS_RTOS_V2/cmsis_os2.o
 .debug_macro   0x000000000000459e       0x9a Middlewares/Third_Party/FreeRTOS/Source/CMSIS_RTOS_V2/cmsis_os2.o
 .debug_macro   0x0000000000004638       0x22 Middlewares/Third_Party/FreeRTOS/Source/CMSIS_RTOS_V2/cmsis_os2.o
 .debug_macro   0x000000000000465a      0x187 Middlewares/Third_Party/FreeRTOS/Source/list.o
 .debug_macro   0x00000000000047e1      0x216 Middlewares/Third_Party/FreeRTOS/Source/queue.o
 .debug_macro   0x00000000000049f7       0x87 Middlewares/Third_Party/FreeRTOS/Source/queue.o
 .debug_macro   0x0000000000004a7e      0x27f Middlewares/Third_Party/FreeRTOS/Source/tasks.o
 .debug_macro   0x0000000000004cfd       0x10 Middlewares/Third_Party/FreeRTOS/Source/tasks.o
 .debug_macro   0x0000000000004d0d      0x1dc Middlewares/Third_Party/FreeRTOS/Source/timers.o
 .debug_macro   0x0000000000004ee9       0x97 Middlewares/Third_Party/FreeRTOS/Source/timers.o
 .debug_macro   0x0000000000004f80      0x196 Middlewares/Third_Party/FreeRTOS/Source/portable/GCC/ARM_CM4F/port.o
 .debug_macro   0x0000000000005116      0x1ae Middlewares/Third_Party/FreeRTOS/Source/portable/MemMang/heap_4.o

.debug_line     0x0000000000000000    0x1fd8d
 .debug_line    0x0000000000000000      0xfab Core/Src/main.o
 .debug_line    0x0000000000000fab      0xb4a Core/Src/stm32h7xx_hal_msp.o
 .debug_line    0x0000000000001af5      0x90b Core/Src/stm32h7xx_hal_timebase_tim.o
 .debug_line    0x0000000000002400      0x96f Core/Src/stm32h7xx_it.o
 .debug_line    0x0000000000002d6f      0xa3c Core/Src/system_stm32h7xx.o
 .debug_line    0x00000000000037ab       0x87 Core/Startup/startup_stm32h723zgtx.o
 .debug_line    0x0000000000003832      0xee1 Drivers/STM32H7xx_HAL_Driver/Src/stm32h7xx_hal.o
 .debug_line    0x0000000000004713      0xc5f Drivers/STM32H7xx_HAL_Driver/Src/stm32h7xx_hal_comp.o
 .debug_line    0x0000000000005372      0xe56 Drivers/STM32H7xx_HAL_Driver/Src/stm32h7xx_hal_cortex.o
 .debug_line    0x00000000000061c8     0x2797 Drivers/STM32H7xx_HAL_Driver/Src/stm32h7xx_hal_dma.o
 .debug_line    0x000000000000895f     0x1c61 Drivers/STM32H7xx_HAL_Driver/Src/stm32h7xx_hal_eth.o
 .debug_line    0x000000000000a5c0      0xd07 Drivers/STM32H7xx_HAL_Driver/Src/stm32h7xx_hal_gpio.o
 .debug_line    0x000000000000b2c7      0xec5 Drivers/STM32H7xx_HAL_Driver/Src/stm32h7xx_hal_pwr_ex.o
 .debug_line    0x000000000000c18c     0x1306 Drivers/STM32H7xx_HAL_Driver/Src/stm32h7xx_hal_rcc.o
 .debug_line    0x000000000000d492     0x1a8f Drivers/STM32H7xx_HAL_Driver/Src/stm32h7xx_hal_rcc_ex.o
 .debug_line    0x000000000000ef21     0x3ee9 Drivers/STM32H7xx_HAL_Driver/Src/stm32h7xx_hal_tim.o
 .debug_line    0x0000000000012e0a     0x1e21 Drivers/STM32H7xx_HAL_Driver/Src/stm32h7xx_hal_tim_ex.o
 .debug_line    0x0000000000014c2b     0x24ff Drivers/STM32H7xx_HAL_Driver/Src/stm32h7xx_hal_uart.o
 .debug_line    0x000000000001712a      0xe3e Drivers/STM32H7xx_HAL_Driver/Src/stm32h7xx_hal_uart_ex.o
 .debug_line    0x0000000000017f68     0x246f Middlewares/Third_Party/FreeRTOS/Source/CMSIS_RTOS_V2/cmsis_os2.o
 .debug_line    0x000000000001a3d7      0x70b Middlewares/Third_Party/FreeRTOS/Source/list.o
 .debug_line    0x000000000001aae2     0x16d5 Middlewares/Third_Party/FreeRTOS/Source/queue.o
 .debug_line    0x000000000001c1b7     0x1d8a Middlewares/Third_Party/FreeRTOS/Source/tasks.o
 .debug_line    0x000000000001df41      0xd68 Middlewares/Third_Party/FreeRTOS/Source/timers.o
 .debug_line    0x000000000001eca9      0x7af Middlewares/Third_Party/FreeRTOS/Source/portable/GCC/ARM_CM4F/port.o
 .debug_line    0x000000000001f458      0x935 Middlewares/Third_Party/FreeRTOS/Source/portable/MemMang/heap_4.o

.debug_str      0x0000000000000000   0x15ff72
 .debug_str     0x0000000000000000   0x1545ad Core/Src/main.o
                                     0x154ea2 (size before relaxing)
 .debug_str     0x00000000001545ad      0x3ec Core/Src/stm32h7xx_hal_msp.o
                                     0x14eab7 (size before relaxing)
 .debug_str     0x0000000000154999       0x98 Core/Src/stm32h7xx_hal_timebase_tim.o
                                     0x14d2e4 (size before relaxing)
 .debug_str     0x0000000000154a31       0xba Core/Src/stm32h7xx_it.o
                                     0x14d1ae (size before relaxing)
 .debug_str     0x0000000000154aeb      0x288 Core/Src/system_stm32h7xx.o
                                     0x14c66a (size before relaxing)
 .debug_str     0x0000000000154d73       0x36 Core/Startup/startup_stm32h723zgtx.o
                                         0x69 (size before relaxing)
 .debug_str     0x0000000000154da9      0x8b6 Drivers/STM32H7xx_HAL_Driver/Src/stm32h7xx_hal.o
                                     0x14d5ef (size before relaxing)
 .debug_str     0x000000000015565f      0x1c0 Drivers/STM32H7xx_HAL_Driver/Src/stm32h7xx_hal_comp.o
                                     0x14c5e7 (size before relaxing)
 .debug_str     0x000000000015581f      0x38f Drivers/STM32H7xx_HAL_Driver/Src/stm32h7xx_hal_cortex.o
                                     0x14cfd6 (size before relaxing)
 .debug_str     0x0000000000155bae      0x8d3 Drivers/STM32H7xx_HAL_Driver/Src/stm32h7xx_hal_dma.o
                                     0x14cdde (size before relaxing)
 .debug_str     0x0000000000156481     0x1033 Drivers/STM32H7xx_HAL_Driver/Src/stm32h7xx_hal_eth.o
                                     0x14ddce (size before relaxing)