main.c:123:5:main	8	static
main.c:210:6:SystemClock_Config	120	static
main.c:270:13:MX_COMP1_Init	8	static
main.c:304:13:MX_COMP2_Init	8	static
main.c:338:13:MX_ETH_Init	8	static
main.c:384:13:MX_TIM2_Init	64	static
main.c:442:13:MX_TIM17_Init	80	static
main.c:506:13:MX_USART1_UART_Init	8	static
main.c:554:13:MX_USART3_UART_Init	8	static
main.c:602:13:MX_USB_OTG_HS_USB_Init	4	static
main.c:621:13:MX_DMA_Init	16	static
main.c:639:13:MX_GPIO_Init	56	static
main.c:767:5:_write	32	static
main.c:778:5:_read	32	static
main.c:809:6:StartDefaultTask	16	static
main.c:828:6:HAL_TIM_PeriodElapsedCallback	16	static
main.c:845:6:Error_Handler	4	static,ignoring_inline_asm
